Component: ARM Compiler 5.06 update 3 (build 300) Tool: armlink [4d35c9]

==============================================================================

Section Cross References

    main.o(.text) refers to delay.o(.text) for delay_init
    main.o(.text) refers to sys.o(.text) for NVIC_Configuration
    main.o(.text) refers to usart.o(.text) for uart_init
    main.o(.text) refers to pwm.o(.text) for TIM4_PWM_Init
    main.o(.text) refers to stm32f10x_tim.o(.text) for TIM_SetCompare2
    main.o(.text) refers to mpu6050.o(.text) for MPU_Init
    main.o(.text) refers to schedule.o(.text) for PID_ControlInit
    main.o(.text) refers to inv_mpu.o(.text) for mpu_dmp_init
    main.o(.text) refers to data_transfer.o(.text) for ANO_DT_Data_Exchange
    main.o(.text) refers to schedule.o(.data) for whole_encoder
    main.o(.text) refers to main.o(.data) for encoderCount
    system_stm32f10x.o(.text) refers to system_stm32f10x.o(.data) for SystemCoreClock
    led.o(.text) refers to stm32f10x_rcc.o(.text) for RCC_APB2PeriphClockCmd
    led.o(.text) refers to stm32f10x_gpio.o(.text) for GPIO_Init
    timer.o(.text) refers to stm32f10x_rcc.o(.text) for RCC_APB1PeriphClockCmd
    timer.o(.text) refers to stm32f10x_gpio.o(.text) for GPIO_Init
    timer.o(.text) refers to stm32f10x_tim.o(.text) for TIM_TimeBaseInit
    timer.o(.text) refers to misc.o(.text) for NVIC_Init
    timer.o(.text) refers to timer.o(.bss) for TIM2_ICInitStructure
    timer.o(.text) refers to timer.o(.data) for TIM2CH1_CAPTURE_STA
    pwm.o(.text) refers to stm32f10x_rcc.o(.text) for RCC_APB1PeriphClockCmd
    pwm.o(.text) refers to stm32f10x_gpio.o(.text) for GPIO_Init
    pwm.o(.text) refers to stm32f10x_tim.o(.text) for TIM_TimeBaseInit
    schedule.o(.text) refers to stm32f10x_rcc.o(.text) for RCC_APB2PeriphClockCmd
    schedule.o(.text) refers to stm32f10x_tim.o(.text) for TIM_TimeBaseInit
    schedule.o(.text) refers to misc.o(.text) for NVIC_Init
    schedule.o(.text) refers to dflt_clz.o(x$fpl$dflt) for __aeabi_i2d
    schedule.o(.text) refers to dmul.o(x$fpl$dmul) for __aeabi_dmul
    schedule.o(.text) refers to dfix.o(x$fpl$dfix) for __aeabi_d2iz
    schedule.o(.text) refers to fleqf.o(x$fpl$fleqf) for __aeabi_cfcmple
    schedule.o(.text) refers to faddsub_clz.o(x$fpl$fadd) for __aeabi_fadd
    schedule.o(.text) refers to faddsub_clz.o(x$fpl$fsub) for __aeabi_fsub
    schedule.o(.text) refers to fmul.o(x$fpl$fmul) for __aeabi_fmul
    schedule.o(.text) refers to fflt_clz.o(x$fpl$fflt) for __aeabi_i2f
    schedule.o(.text) refers to frleqf.o(x$fpl$frleqf) for __aeabi_cfrcmple
    schedule.o(.text) refers to faddsub_clz.o(x$fpl$frsb) for __aeabi_frsub
    schedule.o(.text) refers to fflt_clz.o(x$fpl$ffltu) for __aeabi_ui2f
    schedule.o(.text) refers to ffix.o(x$fpl$ffix) for __aeabi_f2iz
    schedule.o(.text) refers to daddsub_clz.o(x$fpl$dsub) for __aeabi_dsub
    schedule.o(.text) refers to dfixu.o(x$fpl$dfixu) for __aeabi_d2uiz
    schedule.o(.text) refers to usart.o(.data) for Speed_set
    schedule.o(.text) refers to schedule.o(.data) for speed_set
    schedule.o(.text) refers to schedule.o(.bss) for yaw_PID
    data_transfer.o(.text) refers to usart.o(.text) for UART_SendBytes
    data_transfer.o(.text) refers to fmul.o(x$fpl$fmul) for __aeabi_fmul
    data_transfer.o(.text) refers to ffix.o(x$fpl$ffix) for __aeabi_f2iz
    data_transfer.o(.text) refers to data_transfer.o(.bss) for data_to_send
    data_transfer.o(.text) refers to data_transfer.o(.data) for cnt
    data_transfer.o(.text) refers to schedule.o(.data) for pitch
    data_transfer.o(.text) refers to dflt_clz.o(x$fpl$dflt) for __aeabi_i2d
    data_transfer.o(.text) refers to dmul.o(x$fpl$dmul) for __aeabi_dmul
    data_transfer.o(.text) refers to d2f.o(x$fpl$d2f) for __aeabi_d2f
    data_transfer.o(.text) refers to usart.o(.data) for D_pitch_control
    startup_stm32f10x_md.o(STACK) refers (Special) to heapauxi.o(.text) for __use_two_region_memory
    startup_stm32f10x_md.o(HEAP) refers (Special) to heapauxi.o(.text) for __use_two_region_memory
    startup_stm32f10x_md.o(RESET) refers (Special) to heapauxi.o(.text) for __use_two_region_memory
    startup_stm32f10x_md.o(RESET) refers to startup_stm32f10x_md.o(STACK) for __initial_sp
    startup_stm32f10x_md.o(RESET) refers to startup_stm32f10x_md.o(.text) for Reset_Handler
    startup_stm32f10x_md.o(RESET) refers to stm32f10x_it.o(.text) for NMI_Handler
    startup_stm32f10x_md.o(RESET) refers to schedule.o(.text) for TIM1_UP_IRQHandler
    startup_stm32f10x_md.o(RESET) refers to timer.o(.text) for TIM2_IRQHandler
    startup_stm32f10x_md.o(RESET) refers to usart.o(.text) for USART1_IRQHandler
    startup_stm32f10x_md.o(.text) refers (Special) to heapauxi.o(.text) for __use_two_region_memory
    startup_stm32f10x_md.o(.text) refers to system_stm32f10x.o(.text) for SystemInit
    startup_stm32f10x_md.o(.text) refers to __main.o(!!!main) for __main
[...]
    _printf_flags                            0x00000000   Number         0  printf_stubs.o ABSOLUTE
    _printf_return_value                     0x00000000   Number         0  printf_stubs.o ABSOLUTE
    _printf_sizespec                         0x00000000   Number         0  printf_stubs.o ABSOLUTE
    _printf_widthprec                        0x00000000   Number         0  printf_stubs.o ABSOLUTE
    __ARM_exceptions_init                     - Undefined Weak Reference
    __alloca_initialize                       - Undefined Weak Reference
    __arm_preinit_                            - Undefined Weak Reference
    __cpp_initialize__aeabi_                  - Undefined Weak Reference
    __cxa_finalize                            - Undefined Weak Reference
    __rt_locale                               - Undefined Weak Reference
    __sigvec_lookup                           - Undefined Weak Reference
    _atexit_init                              - Undefined Weak Reference
    _call_atexit_fns                          - Undefined Weak Reference
    _clock_init                               - Undefined Weak Reference
    _fp_trap_init                             - Undefined Weak Reference
    _fp_trap_shutdown                         - Undefined Weak Reference
    _get_lc_collate                           - Undefined Weak Reference
    _get_lc_ctype                             - Undefined Weak Reference
    _get_lc_monetary                          - Undefined Weak Reference
    _get_lc_numeric                           - Undefined Weak Reference
    _get_lc_time                              - Undefined Weak Reference
    _getenv_init                              - Undefined Weak Reference
    _handle_redirection                       - Undefined Weak Reference
    _init_alloc                               - Undefined Weak Reference
    _init_user_alloc                          - Undefined Weak Reference
    _initio                                   - Undefined Weak Reference
    _mutex_acquire                            - Undefined Weak Reference
    _mutex_release                            - Undefined Weak Reference
    _printf_truncate_signed                   - Undefined Weak Reference
    _printf_truncate_unsigned                 - Undefined Weak Reference
    _rand_init                                - Undefined Weak Reference
    _signal_finish                            - Undefined Weak Reference
    _signal_init                              - Undefined Weak Reference
    _terminate_alloc                          - Undefined Weak Reference
    _terminate_user_alloc                     - Undefined Weak Reference
    _terminateio                              - Undefined Weak Reference
    __Vectors_Size                           0x000000ec   Number         0  startup_stm32f10x_md.o ABSOLUTE
    __Vectors                                0x08000000   Data           4  startup_stm32f10x_md.o(RESET)
    __Vectors_End                            0x080000ec   Data           0  startup_stm32f10x_md.o(RESET)
    __main                                   0x080000ed   Thumb Code     8  __main.o(!!!main)
    __scatterload                            0x080000f5   Thumb Code     0  __scatter.o(!!!scatter)
    __scatterload_rt2                        0x080000f5   Thumb Code    44  __scatter.o(!!!scatter)
    __scatterload_rt2_thumb_only             0x080000f5   Thumb Code     0  __scatter.o(!!!scatter)
    __scatterload_null                       0x08000103   Thumb Code     0  __scatter.o(!!!scatter)
    __decompress                             0x08000129   Thumb Code    90  __dczerorl2.o(!!dczerorl2)
    __decompress1                            0x08000129   Thumb Code     0  __dczerorl2.o(!!dczerorl2)
    __scatterload_zeroinit                   0x08000185   Thumb Code    28  __scatter_zi.o(!!handler_zi)
    _printf_d                                0x080001a1   Thumb Code     0  _printf_d.o(.ARM.Collect$$_printf_percent$$00000009)
    _printf_percent                          0x080001a1   Thumb Code     0  _printf_percent.o(.ARM.Collect$$_printf_percent$$00000000)
    _printf_x                                0x080001a7   Thumb Code     0  _printf_x.o(.ARM.Collect$$_printf_percent$$0000000C)
    _printf_percent_end                      0x080001ad   Thumb Code     0  _printf_percent_end.o(.ARM.Collect$$_printf_percent$$00000017)
    __rt_lib_init                            0x080001b1   Thumb Code     0  libinit.o(.ARM.Collect$$libinit$$00000000)
    __rt_lib_init_alloca_1                   0x080001b3   Thumb Code     0  libinit2.o(.ARM.Collect$$libinit$$0000002E)
    __rt_lib_init_argv_1                     0x080001b3   Thumb Code     0  libinit2.o(.ARM.Collect$$libinit$$0000002C)
    __rt_lib_init_atexit_1                   0x080001b3   Thumb Code     0  libinit2.o(.ARM.Collect$$libinit$$0000001B)
    __rt_lib_init_clock_1                    0x080001b3   Thumb Code     0  libinit2.o(.ARM.Collect$$libinit$$00000021)
    __rt_lib_init_cpp_1                      0x080001b3   Thumb Code     0  libinit2.o(.ARM.Collect$$libinit$$00000032)
    __rt_lib_init_exceptions_1               0x080001b3   Thumb Code     0  libinit2.o(.ARM.Collect$$libinit$$00000030)
    __rt_lib_init_fp_1                       0x080001b3   Thumb Code     0  libinit2.o(.ARM.Collect$$libinit$$00000002)
    __rt_lib_init_fp_trap_1                  0x080001b3   Thumb Code     0  libinit2.o(.ARM.Collect$$libinit$$0000001F)
    __rt_lib_init_getenv_1                   0x080001b3   Thumb Code     0  libinit2.o(.ARM.Collect$$libinit$$00000023)
    __rt_lib_init_heap_1                     0x080001b3   Thumb Code     0  libinit2.o(.ARM.Collect$$libinit$$0000000A)
    __rt_lib_init_lc_collate_1               0x080001b3   Thumb Code     0  libinit2.o(.ARM.Collect$$libinit$$00000011)
    __rt_lib_init_lc_ctype_1                 0x080001b3   Thumb Code     0  libinit2.o(.ARM.Collect$$libinit$$00000013)
    __rt_lib_init_lc_monetary_1              0x080001b3   Thumb Code     0  libinit2.o(.ARM.Collect$$libinit$$00000015)
    __rt_lib_init_lc_numeric_1               0x080001b3   Thumb Code     0  libinit2.o(.ARM.Collect$$libinit$$00000017)
    __rt_lib_init_lc_time_1                  0x080001b3   Thumb Code     0  libinit2.o(.ARM.Collect$$libinit$$00000019)
    __rt_lib_init_preinit_1                  0x080001b3   Thumb Code     0  libinit2.o(.ARM.Collect$$libinit$$00000004)
    __rt_lib_init_rand_1                     0x080001b3   Thumb Code     0  libinit2.o(.ARM.Collect$$libinit$$0000000E)
    __rt_lib_init_return                     0x080001b3   Thumb Code     0  libinit2.o(.ARM.Collect$$libinit$$00000033)
    __rt_lib_init_signal_1                   0x080001b3   Thumb Code     0  libinit2.o(.ARM.Collect$$libinit$$0000001D)
    __rt_lib_init_stdio_1                    0x080001b3   Thumb Code     0  libinit2.o(.ARM.Collect$$libinit$$00000025)
    __rt_lib_init_user_alloc_1               0x080001b3   Thumb Code     0  libinit2.o(.ARM.Collect$$libinit$$0000000C)
    __rt_lib_shutdown                        0x080001b5   Thumb Code     0  libshutdown.o(.ARM.Collect$$libshutdown$$00000000)
    __rt_lib_shutdown_cpp_1                  0x080001b7   Thumb Code     0  libshutdown2.o(.ARM.Collect$$libshutdown$$00000002)
    __rt_lib_shutdown_fp_trap_1              0x080001b7   Thumb Code     0  libshutdown2.o(.ARM.Collect$$libshutdown$$00000007)
    __rt_lib_shutdown_heap_1                 0x080001b7   Thumb Code     0  libshutdown2.o(.ARM.Collect$$libshutdown$$0000000F)
    __rt_lib_shutdown_return                 0x080001b7   Thumb Code     0  libshutdown2.o(.ARM.Collect$$libshutdown$$00000010)
    __rt_lib_shutdown_signal_1               0x080001b7   Thumb Code     0  libshutdown2.o(.ARM.Collect$$libshutdown$$0000000A)
    __rt_lib_shutdown_stdio_1                0x080001b7   Thumb Code     0  libshutdown2.o(.ARM.Collect$$libshutdown$$00000004)
    __rt_lib_shutdown_user_alloc_1           0x080001b7   Thumb Code     0  libshutdown2.o(.ARM.Collect$$libshutdown$$0000000C)
    __rt_entry                               0x080001b9   Thumb Code     0  __rtentry.o(.ARM.Collect$$rtentry$$00000000)
    __rt_entry_presh_1                       0x080001b9   Thumb Code     0  __rtentry2.o(.ARM.Collect$$rtentry$$00000002)
    __rt_entry_sh                            0x080001b9   Thumb Code     0  __rtentry4.o(.ARM.Collect$$rtentry$$00000004)
    __rt_entry_li                            0x080001bf   Thumb Code     0  __rtentry2.o(.ARM.Collect$$rtentry$$0000000A)
    __rt_entry_postsh_1                      0x080001bf   Thumb Code     0  __rtentry2.o(.ARM.Collect$$rtentry$$00000009)
    __rt_entry_main                          0x080001c3   Thumb Code     0  __rtentry2.o(.ARM.Collect$$rtentry$$0000000D)
    __rt_entry_postli_1                      0x080001c3   Thumb Code     0  __rtentry2.o(.ARM.Collect$$rtentry$$0000000C)
    __rt_exit                                0x080001cb   Thumb Code     0  rtexit.o(.ARM.Collect$$rtexit$$00000000)
    __rt_exit_ls                             0x080001cd   Thumb Code     0  rtexit2.o(.ARM.Collect$$rtexit$$00000003)
    __rt_exit_prels_1                        0x080001cd   Thumb Code     0  rtexit2.o(.ARM.Collect$$rtexit$$00000002)
    __rt_exit_exit                           0x080001d1   Thumb Code     0  rtexit2.o(.ARM.Collect$$rtexit$$00000004)
    main                                     0x080001d9   Thumb Code   226  main.o(.text)
    NMI_Handler                              0x080002f9   Thumb Code     2  stm32f10x_it.o(.text)
    HardFault_Handler                        0x080002fb   Thumb Code     4  stm32f10x_it.o(.text)
    MemManage_Handler                        0x080002ff   Thumb Code     4  stm32f10x_it.o(.text)
    BusFault_Handler                         0x08000303   Thumb Code     4  stm32f10x_it.o(.text)
    UsageFault_Handler                       0x08000307   Thumb Code     4  stm32f10x_it.o(.text)
    SVC_Handler                              0x0800030b   Thumb Code     2  stm32f10x_it.o(.text)
    DebugMon_Handler                         0x0800030d   Thumb Code     2  stm32f10x_it.o(.text)
    PendSV_Handler                           0x0800030f   Thumb Code     2  stm32f10x_it.o(.text)
    SystemInit                               0x080003ef   Thumb Code    78  system_stm32f10x.o(.text)
    SystemCoreClockUpdate                    0x0800043d   Thumb Code   142  system_stm32f10x.o(.text)
    TIM2_Cap_Init                            0x080004f1   Thumb Code   242  timer.o(.text)
    time2_init                               0x080005e3   Thumb Code   142  timer.o(.text)
    TIM2_IRQHandler                          0x08000671   Thumb Code   728  timer.o(.text)
    TIM4_PWM_Init                            0x08000949   Thumb Code   184  pwm.o(.text)
    TIM3_PWM_Init                            0x08000a01   Thumb Code   150  pwm.o(.text)
    TIM2_PWM_Init                            0x08000a97   Thumb Code   156  pwm.o(.text)
    TIM1_Int_Init                            0x08000b45   Thumb Code   104  schedule.o(.text)
    User_PidSpeedControl                     0x08000bad   Thumb Code    88  schedule.o(.text)
    PID_AbsoluteMode                         0x08000c05   Thumb Code   156  schedule.o(.text)
    Att_Control                              0x08000ca1   Thumb Code   314  schedule.o(.text)
    Att_Control_2                            0x08000ddb   Thumb Code   536  schedule.o(.text)
    TIM1_UP_IRQHandler                       0x08000ff3   Thumb Code    76  schedule.o(.text)
    PID_ControlInit                          0x0800103f   Thumb Code   128  schedule.o(.text)
    PID_IncrementMode                        0x080010bf   Thumb Code   234  schedule.o(.text)
    ANO_DT_Send_Data                         0x080011f5   Thumb Code    16  data_transfer.o(.text)
    ANO_DT_Send_Location                     0x08001289   Thumb Code   276  data_transfer.o(.text)
    ANO_DT_Send_PID                          0x0800139d   Thumb Code   514  data_transfer.o(.text)
    ANO_DT_Send_Power                        0x0800159f   Thumb Code   156  data_transfer.o(.text)
    ANO_DT_Send_MotoPWM                      0x0800163b   Thumb Code   294  data_transfer.o(.text)
    ANO_DT_Send_Senser2                      0x08001761   Thumb Code   154  data_transfer.o(.text)
    ANO_DT_Send_Senser                       0x080017fb   Thumb Code   406  data_transfer.o(.text)
    ANO_DT_Send_Speed                        0x08001991   Thumb Code   232  data_transfer.o(.text)
    ANO_DT_Send_Status                       0x08001a79   Thumb Code   318  data_transfer.o(.text)
    ANO_DT_Send_Version                      0x08001bb7   Thumb Code   196  data_transfer.o(.text)
    ANO_DT_Data_Exchange                     0x08001c7b   Thumb Code  1024  data_transfer.o(.text)
    ANO_DT_Data_Receive_Anl                  0x0800207b   Thumb Code   928  data_transfer.o(.text)
    ANO_DT_Data_Receive_Prepare              0x0800241b   Thumb Code   212  data_transfer.o(.text)
    ANO_DT_Send_RCData                       0x080024ef   Thumb Code   350  data_transfer.o(.text)
    Reset_Handler                            0x08002681   Thumb Code     8  startup_stm32f10x_md.o(.text)
    SysTick_Handler                          0x08002699   Thumb Code     2  startup_stm32f10x_md.o(.text)
    ADC1_2_IRQHandler                        0x0800269b   Thumb Code     0  startup_stm32f10x_md.o(.text)
    CAN1_RX1_IRQHandler                      0x0800269b   Thumb Code     0  startup_stm32f10x_md.o(.text)
    CAN1_SCE_IRQHandler                      0x0800269b   Thumb Code     0  startup_stm32f10x_md.o(.text)
    DMA1_Channel1_IRQHandler                 0x0800269b   Thumb Code     0  startup_stm32f10x_md.o(.text)
    DMA1_Channel2_IRQHandler                 0x0800269b   Thumb Code     0  startup_stm32f10x_md.o(.text)
    DMA1_Channel3_IRQHandler                 0x0800269b   Thumb Code     0  startup_stm32f10x_md.o(.text)
    DMA1_Channel4_IRQHandler                 0x0800269b   Thumb Code     0  startup_stm32f10x_md.o(.text)
    DMA1_Channel5_IRQHandler                 0x0800269b   Thumb Code     0  startup_stm32f10x_md.o(.text)
    DMA1_Channel6_IRQHandler                 0x0800269b   Thumb Code     0  startup_stm32f10x_md.o(.text)
    DMA1_Channel7_IRQHandler                 0x0800269b   Thumb Code     0  startup_stm32f10x_md.o(.text)
    EXTI0_IRQHandler                         0x0800269b   Thumb Code     0  startup_stm32f10x_md.o(.text)
    EXTI15_10_IRQHandler                     0x0800269b   Thumb Code     0  startup_stm32f10x_md.o(.text)
    EXTI1_IRQHandler                         0x0800269b   Thumb Code     0  startup_stm32f10x_md.o(.text)
    EXTI2_IRQHandler                         0x0800269b   Thumb Code     0  startup_stm32f10x_md.o(.text)
    EXTI3_IRQHandler                         0x0800269b   Thumb Code     0  startup_stm32f10x_md.o(.text)
    EXTI4_IRQHandler                         0x0800269b   Thumb Code     0  startup_stm32f10x_md.o(.text)
    EXTI9_5_IRQHandler                       0x0800269b   Thumb Code     0  startup_stm32f10x_md.o(.text)
    FLASH_IRQHandler                         0x0800269b   Thumb Code     0  startup_stm32f10x_md.o(.text)
    I2C1_ER_IRQHandler                       0x0800269b   Thumb Code     0  startup_stm32f10x_md.o(.text)
    I2C1_EV_IRQHandler                       0x0800269b   Thumb Code     0  startup_stm32f10x_md.o(.text)
    I2C2_ER_IRQHandler                       0x0800269b   Thumb Code     0  startup_stm32f10x_md.o(.text)
    I2C2_EV_IRQHandler                       0x0800269b   Thumb Code     0  startup_stm32f10x_md.o(.text)
    PVD_IRQHandler                           0x0800269b   Thumb Code     0  startup_stm32f10x_md.o(.text)
    RCC_IRQHandler                           0x0800269b   Thumb Code     0  startup_stm32f10x_md.o(.text)
    RTCAlarm_IRQHandler                      0x0800269b   Thumb Code     0  startup_stm32f10x_md.o(.text)
    RTC_IRQHandler                           0x0800269b   Thumb Code     0  startup_stm32f10x_md.o(.text)
    SPI1_IRQHandler                          0x0800269b   Thumb Code     0  startup_stm32f10x_md.o(.text)
    SPI2_IRQHandler                          0x0800269b   Thumb Code     0  startup_stm32f10x_md.o(.text)
    TAMPER_IRQHandler                        0x0800269b   Thumb Code     0  startup_stm32f10x_md.o(.text)
    TIM1_BRK_IRQHandler                      0x0800269b   Thumb Code     0  startup_stm32f10x_md.o(.text)
    TIM1_CC_IRQHandler                       0x0800269b   Thumb Code     0  startup_stm32f10x_md.o(.text)
    TIM1_TRG_COM_IRQHandler                  0x0800269b   Thumb Code     0  startup_stm32f10x_md.o(.text)
    TIM3_IRQHandler                          0x0800269b   Thumb Code     0  startup_stm32f10x_md.o(.text)
    TIM4_IRQHandler                          0x0800269b   Thumb Code     0  startup_stm32f10x_md.o(.text)
    USART2_IRQHandler                        0x0800269b   Thumb Code     0  startup_stm32f10x_md.o(.text)
    USART3_IRQHandler                        0x0800269b   Thumb Code     0  startup_stm32f10x_md.o(.text)
    USBWakeUp_IRQHandler                     0x0800269b   Thumb Code     0  startup_stm32f10x_md.o(.text)
    USB_HP_CAN1_TX_IRQHandler                0x0800269b   Thumb Code     0  startup_stm32f10x_md.o(.text)
    USB_LP_CAN1_RX0_IRQHandler               0x0800269b   Thumb Code     0  startup_stm32f10x_md.o(.text)
    WWDG_IRQHandler                          0x0800269b   Thumb Code     0  startup_stm32f10x_md.o(.text)
    __user_initial_stackheap                 0x0800269d   Thumb Code     0  startup_stm32f10x_md.o(.text)
    NVIC_PriorityGroupConfig                 0x080026c1   Thumb Code    10  misc.o(.text)
    NVIC_Init                                0x080026cb   Thumb Code   100  misc.o(.text)
    NVIC_SetVectorTable                      0x0800272f   Thumb Code    14  misc.o(.text)
    NVIC_SystemLPConfig                      0x0800273d   Thumb Code    34  misc.o(.text)
    SysTick_CLKSourceConfig                  0x0800275f   Thumb Code    40  misc.o(.text)
    GPIO_DeInit                              0x0800279d   Thumb Code   172  stm32f10x_gpio.o(.text)
    GPIO_AFIODeInit                          0x08002849   Thumb Code    20  stm32f10x_gpio.o(.text)
    GPIO_Init                                0x0800285d   Thumb Code   278  stm32f10x_gpio.o(.text)
    GPIO_StructInit                          0x08002973   Thumb Code    16  stm32f10x_gpio.o(.text)
    GPIO_ReadInputDataBit                    0x08002983   Thumb Code    18  stm32f10x_gpio.o(.text)
    GPIO_ReadInputData                       0x08002995   Thumb Code     8  stm32f10x_gpio.o(.text)
    GPIO_ReadOutputDataBit                   0x0800299d   Thumb Code    18  stm32f10x_gpio.o(.text)
    GPIO_ReadOutputData                      0x080029af   Thumb Code     8  stm32f10x_gpio.o(.text)
    GPIO_SetBits                             0x080029b7   Thumb Code     4  stm32f10x_gpio.o(.text)
    GPIO_ResetBits                           0x080029bb   Thumb Code     4  stm32f10x_gpio.o(.text)
    GPIO_WriteBit                            0x080029bf   Thumb Code    10  stm32f10x_gpio.o(.text)
    GPIO_Write                               0x080029c9   Thumb Code     4  stm32f10x_gpio.o(.text)
    GPIO_PinLockConfig                       0x080029cd   Thumb Code    18  stm32f10x_gpio.o(.text)
    GPIO_EventOutputConfig                   0x080029df   Thumb Code    26  stm32f10x_gpio.o(.text)
    GPIO_EventOutputCmd                      0x080029f9   Thumb Code     6  stm32f10x_gpio.o(.text)
    GPIO_PinRemapConfig                      0x080029ff   Thumb Code   138  stm32f10x_gpio.o(.text)
    GPIO_EXTILineConfig                      0x08002a89   Thumb Code    66  stm32f10x_gpio.o(.text)
    GPIO_ETH_MediaInterfaceConfig            0x08002acb   Thumb Code     8  stm32f10x_gpio.o(.text)
    RCC_DeInit                               0x08002af9   Thumb Code    64  stm32f10x_rcc.o(.text)
    RCC_HSEConfig                            0x08002b39   Thumb Code    70  stm32f10x_rcc.o(.text)
    RCC_GetFlagStatus                        0x08002b7f   Thumb Code    56  stm32f10x_rcc.o(.text)
    RCC_WaitForHSEStartUp                    0x08002bb7   Thumb Code    56  stm32f10x_rcc.o(.text)
    RCC_AdjustHSICalibrationValue            0x08002bef   Thumb Code    20  stm32f10x_rcc.o(.text)
    RCC_HSICmd                               0x08002c03   Thumb Code     6  stm32f10x_rcc.o(.text)
    RCC_PLLConfig                            0x08002c09   Thumb Code    24  stm32f10x_rcc.o(.text)
    RCC_PLLCmd                               0x08002c21   Thumb Code     6  stm32f10x_rcc.o(.text)
    RCC_SYSCLKConfig                         0x08002c27   Thumb Code    18  stm32f10x_rcc.o(.text)
    RCC_GetSYSCLKSource                      0x08002c39   Thumb Code    10  stm32f10x_rcc.o(.text)
    RCC_HCLKConfig                           0x08002c43   Thumb Code    18  stm32f10x_rcc.o(.text)
    RCC_PCLK1Config                          0x08002c55   Thumb Code    18  stm32f10x_rcc.o(.text)
    RCC_PCLK2Config                          0x08002c67   Thumb Code    20  stm32f10x_rcc.o(.text)
    RCC_ITConfig                             0x08002c7b   Thumb Code    26  stm32f10x_rcc.o(.text)
    RCC_USBCLKConfig                         0x08002c95   Thumb Code     8  stm32f10x_rcc.o(.text)
    RCC_ADCCLKConfig                         0x08002c9d   Thumb Code    18  stm32f10x_rcc.o(.text)
    RCC_LSEConfig                            0x08002caf   Thumb Code    50  stm32f10x_rcc.o(.text)
    RCC_LSICmd                               0x08002ce1   Thumb Code     6  stm32f10x_rcc.o(.text)
    RCC_RTCCLKConfig                         0x08002ce7   Thumb Code    12  stm32f10x_rcc.o(.text)
    RCC_RTCCLKCmd                            0x08002cf3   Thumb Code     8  stm32f10x_rcc.o(.text)
    RCC_GetClocksFreq                        0x08002cfb   Thumb Code   192  stm32f10x_rcc.o(.text)
    RCC_AHBPeriphClockCmd                    0x08002dbb   Thumb Code    26  stm32f10x_rcc.o(.text)
    RCC_APB2PeriphClockCmd                   0x08002dd5   Thumb Code    26  stm32f10x_rcc.o(.text)
    RCC_APB1PeriphClockCmd                   0x08002def   Thumb Code    26  stm32f10x_rcc.o(.text)
    RCC_APB2PeriphResetCmd                   0x08002e09   Thumb Code    26  stm32f10x_rcc.o(.text)
    RCC_APB1PeriphResetCmd                   0x08002e23   Thumb Code    26  stm32f10x_rcc.o(.text)
    RCC_BackupResetCmd                       0x08002e3d   Thumb Code     8  stm32f10x_rcc.o(.text)
    RCC_ClockSecuritySystemCmd               0x08002e45   Thumb Code     6  stm32f10x_rcc.o(.text)
    RCC_MCOConfig                            0x08002e4b   Thumb Code     6  stm32f10x_rcc.o(.text)
    RCC_ClearFlag                            0x08002e51   Thumb Code    14  stm32f10x_rcc.o(.text)
    RCC_GetITStatus                          0x08002e5f   Thumb Code    20  stm32f10x_rcc.o(.text)
    RCC_ClearITPendingBit                    0x08002e73   Thumb Code     6  stm32f10x_rcc.o(.text)
    USART_DeInit                             0x08002e9d   Thumb Code   134  stm32f10x_usart.o(.text)
    USART_Init                               0x08002f23   Thumb Code   210  stm32f10x_usart.o(.text)
    USART_StructInit                         0x08002ff5   Thumb Code    24  stm32f10x_usart.o(.text)
    USART_ClockInit                          0x0800300d   Thumb Code    34  stm32f10x_usart.o(.text)
    USART_ClockStructInit                    0x0800302f   Thumb Code    12  stm32f10x_usart.o(.text)
    USART_Cmd                                0x0800303b   Thumb Code    24  stm32f10x_usart.o(.text)
    USART_ITConfig                           0x08003053   Thumb Code    74  stm32f10x_usart.o(.text)
    USART_DMACmd                             0x0800309d   Thumb Code    18  stm32f10x_usart.o(.text)
    USART_SetAddress                         0x080030af   Thumb Code    18  stm32f10x_usart.o(.text)
    USART_WakeUpConfig                       0x080030c1   Thumb Code    18  stm32f10x_usart.o(.text)
    USART_ReceiverWakeUpCmd                  0x080030d3   Thumb Code    24  stm32f10x_usart.o(.text)
    USART_LINBreakDetectLengthConfig         0x080030eb   Thumb Code    18  stm32f10x_usart.o(.text)
    USART_LINCmd                             0x080030fd   Thumb Code    24  stm32f10x_usart.o(.text)
    USART_SendData                           0x08003115   Thumb Code     8  stm32f10x_usart.o(.text)
    USART_ReceiveData                        0x0800311d   Thumb Code    10  stm32f10x_usart.o(.text)
    USART_SendBreak                          0x08003127   Thumb Code    10  stm32f10x_usart.o(.text)
    USART_SetGuardTime                       0x08003131   Thumb Code    16  stm32f10x_usart.o(.text)
    USART_SetPrescaler                       0x08003141   Thumb Code    16  stm32f10x_usart.o(.text)
    USART_SmartCardCmd                       0x08003151   Thumb Code    24  stm32f10x_usart.o(.text)
    USART_SmartCardNACKCmd                   0x08003169   Thumb Code    24  stm32f10x_usart.o(.text)
    USART_HalfDuplexCmd                      0x08003181   Thumb Code    24  stm32f10x_usart.o(.text)
    USART_OverSampling8Cmd                   0x08003199   Thumb Code    22  stm32f10x_usart.o(.text)
    USART_OneBitMethodCmd                    0x080031af   Thumb Code    24  stm32f10x_usart.o(.text)
    USART_IrDAConfig                         0x080031c7   Thumb Code    18  stm32f10x_usart.o(.text)
    USART_IrDACmd                            0x080031d9   Thumb Code    24  stm32f10x_usart.o(.text)
    USART_GetFlagStatus                      0x080031f1   Thumb Code    26  stm32f10x_usart.o(.text)
    USART_ClearFlag                          0x0800320b   Thumb Code    18  stm32f10x_usart.o(.text)
    USART_GetITStatus                        0x0800321d   Thumb Code    84  stm32f10x_usart.o(.text)
    USART_ClearITPendingBit                  0x08003271   Thumb Code    52  stm32f10x_usart.o(.text)
    TIM_DeInit                               0x080032a5   Thumb Code   424  stm32f10x_tim.o(.text)
    TIM_TimeBaseInit                         0x0800344d   Thumb Code   122  stm32f10x_tim.o(.text)
    TIM_OC1Init                              0x080034c7   Thumb Code   132  stm32f10x_tim.o(.text)
    TIM_OC2Init                              0x0800354b   Thumb Code   154  stm32f10x_tim.o(.text)
    TIM_OC3Init                              0x080035e5   Thumb Code   150  stm32f10x_tim.o(.text)
    TIM_OC4Init                              0x0800367b   Thumb Code   182  stm32f10x_tim.o(.text)
    TIM_SetIC4Prescaler                      0x08003731   Thumb Code    26  stm32f10x_tim.o(.text)
    TIM_SetIC3Prescaler                      0x080037cd   Thumb Code    18  stm32f10x_tim.o(.text)
    TIM_SetIC2Prescaler                      0x08003859   Thumb Code    26  stm32f10x_tim.o(.text)
    TIM_SetIC1Prescaler                      0x080038f5   Thumb Code    18  stm32f10x_tim.o(.text)
    TIM_ICInit                               0x08003973   Thumb Code   150  stm32f10x_tim.o(.text)
    TIM_PWMIConfig                           0x08003a09   Thumb Code   124  stm32f10x_tim.o(.text)
    TIM_BDTRConfig                           0x08003a85   Thumb Code    32  stm32f10x_tim.o(.text)
    TIM_TimeBaseStructInit                   0x08003aa5   Thumb Code    18  stm32f10x_tim.o(.text)
    TIM_OCStructInit                         0x08003ab7   Thumb Code    20  stm32f10x_tim.o(.text)
    TIM_ICStructInit                         0x08003acb   Thumb Code    18  stm32f10x_tim.o(.text)
    TIM_BDTRStructInit                       0x08003add   Thumb Code    40  stm32f10x_tim.o(.text)
    TIM_Cmd                                  0x08003b05   Thumb Code    24  stm32f10x_tim.o(.text)
    TIM_CtrlPWMOutputs                       0x08003b1d   Thumb Code    30  stm32f10x_tim.o(.text)
    TIM_ITConfig                             0x08003b3b   Thumb Code    18  stm32f10x_tim.o(.text)
    TIM_GenerateEvent                        0x08003b4d   Thumb Code     4  stm32f10x_tim.o(.text)
    TIM_DMAConfig                            0x08003b51   Thumb Code    10  stm32f10x_tim.o(.text)
    TIM_DMACmd                               0x08003b5b   Thumb Code    18  stm32f10x_tim.o(.text)
    TIM_InternalClockConfig                  0x08003b6d   Thumb Code    12  stm32f10x_tim.o(.text)
    TIM_SelectInputTrigger                   0x08003b79   Thumb Code    18  stm32f10x_tim.o(.text)
    TIM_ITRxExternalClockConfig              0x08003b8b   Thumb Code    24  stm32f10x_tim.o(.text)
    TIM_TIxExternalClockConfig               0x08003ba3   Thumb Code    62  stm32f10x_tim.o(.text)
    TIM_ETRConfig                            0x08003be1   Thumb Code    28  stm32f10x_tim.o(.text)
    TIM_ETRClockMode1Config                  0x08003bfd   Thumb Code    54  stm32f10x_tim.o(.text)
    TIM_ETRClockMode2Config                  0x08003c33   Thumb Code    32  stm32f10x_tim.o(.text)
    TIM_PrescalerConfig                      0x08003c53   Thumb Code     6  stm32f10x_tim.o(.text)
    TIM_CounterModeConfig                    0x08003c59   Thumb Code    18  stm32f10x_tim.o(.text)
    TIM_EncoderInterfaceConfig               0x08003c6b   Thumb Code    66  stm32f10x_tim.o(.text)
    TIM_ForcedOC1Config                      0x08003cad   Thumb Code    18  stm32f10x_tim.o(.text)
    TIM_ForcedOC2Config                      0x08003cbf   Thumb Code    26  stm32f10x_tim.o(.text)
    TIM_ForcedOC3Config                      0x08003cd9   Thumb Code    18  stm32f10x_tim.o(.text)
    TIM_ForcedOC4Config                      0x08003ceb   Thumb Code    26  stm32f10x_tim.o(.text)
    TIM_ARRPreloadConfig                     0x08003d05   Thumb Code    24  stm32f10x_tim.o(.text)
    TIM_SelectCOM                            0x08003d1d   Thumb Code    24  stm32f10x_tim.o(.text)
    TIM_SelectCCDMA                          0x08003d35   Thumb Code    24  stm32f10x_tim.o(.text)
    TIM_CCPreloadControl                     0x08003d4d   Thumb Code    24  stm32f10x_tim.o(.text)
    TIM_OC1PreloadConfig                     0x08003d65   Thumb Code    18  stm32f10x_tim.o(.text)
    TIM_OC2PreloadConfig                     0x08003d77   Thumb Code    26  stm32f10x_tim.o(.text)
    TIM_OC3PreloadConfig                     0x08003d91   Thumb Code    18  stm32f10x_tim.o(.text)
    TIM_OC4PreloadConfig                     0x08003da3   Thumb Code    26  stm32f10x_tim.o(.text)
    TIM_OC1FastConfig                        0x08003dbd   Thumb Code    18  stm32f10x_tim.o(.text)
    TIM_OC2FastConfig                        0x08003dcf   Thumb Code    26  stm32f10x_tim.o(.text)
    TIM_OC3FastConfig                        0x08003de9   Thumb Code    18  stm32f10x_tim.o(.text)
    TIM_OC4FastConfig                        0x08003dfb   Thumb Code    26  stm32f10x_tim.o(.text)
    TIM_ClearOC1Ref                          0x08003e15   Thumb Code    18  stm32f10x_tim.o(.text)
    TIM_ClearOC2Ref                          0x08003e27   Thumb Code    24  stm32f10x_tim.o(.text)
    TIM_ClearOC3Ref                          0x08003e3f   Thumb Code    18  stm32f10x_tim.o(.text)
    TIM_ClearOC4Ref                          0x08003e51   Thumb Code    24  stm32f10x_tim.o(.text)
    TIM_OC1PolarityConfig                    0x08003e69   Thumb Code    18  stm32f10x_tim.o(.text)
    TIM_OC1NPolarityConfig                   0x08003e7b   Thumb Code    18  stm32f10x_tim.o(.text)
    TIM_OC2PolarityConfig                    0x08003e8d   Thumb Code    26  stm32f10x_tim.o(.text)
    TIM_OC2NPolarityConfig                   0x08003ea7   Thumb Code    26  stm32f10x_tim.o(.text)
    TIM_OC3PolarityConfig                    0x08003ec1   Thumb Code    26  stm32f10x_tim.o(.text)
    TIM_OC3NPolarityConfig                   0x08003edb   Thumb Code    26  stm32f10x_tim.o(.text)
    TIM_OC4PolarityConfig                    0x08003ef5   Thumb Code    26  stm32f10x_tim.o(.text)
    TIM_CCxCmd                               0x08003f0f   Thumb Code    30  stm32f10x_tim.o(.text)
    TIM_CCxNCmd                              0x08003f2d   Thumb Code    30  stm32f10x_tim.o(.text)
    TIM_SelectOCxM                           0x08003f4b   Thumb Code    82  stm32f10x_tim.o(.text)
    TIM_UpdateDisableConfig                  0x08003f9d   Thumb Code    24  stm32f10x_tim.o(.text)
    TIM_UpdateRequestConfig                  0x08003fb5   Thumb Code    24  stm32f10x_tim.o(.text)
    TIM_SelectHallSensor                     0x08003fcd   Thumb Code    24  stm32f10x_tim.o(.text)
    TIM_SelectOnePulseMode                   0x08003fe5   Thumb Code    18  stm32f10x_tim.o(.text)
    TIM_SelectOutputTrigger                  0x08003ff7   Thumb Code    18  stm32f10x_tim.o(.text)
    TIM_SelectSlaveMode                      0x08004009   Thumb Code    18  stm32f10x_tim.o(.text)
    TIM_SelectMasterSlaveMode                0x0800401b   Thumb Code    18  stm32f10x_tim.o(.text)
    TIM_SetCounter                           0x0800402d   Thumb Code     4  stm32f10x_tim.o(.text)
    TIM_SetAutoreload                        0x08004031   Thumb Code     4  stm32f10x_tim.o(.text)
    TIM_SetCompare1                          0x08004035   Thumb Code     4  stm32f10x_tim.o(.text)
    TIM_SetCompare2                          0x08004039   Thumb Code     4  stm32f10x_tim.o(.text)
    TIM_SetCompare3                          0x0800403d   Thumb Code     4  stm32f10x_tim.o(.text)
    TIM_SetCompare4                          0x08004041   Thumb Code     6  stm32f10x_tim.o(.text)
    TIM_SetClockDivision                     0x08004047   Thumb Code    18  stm32f10x_tim.o(.text)
    TIM_GetCapture1                          0x08004059   Thumb Code     6  stm32f10x_tim.o(.text)
    TIM_GetCapture2                          0x0800405f   Thumb Code     6  stm32f10x_tim.o(.text)
    TIM_GetCapture3                          0x08004065   Thumb Code     6  stm32f10x_tim.o(.text)
    TIM_GetCapture4                          0x0800406b   Thumb Code     8  stm32f10x_tim.o(.text)
    TIM_GetCounter                           0x08004073   Thumb Code     6  stm32f10x_tim.o(.text)
    TIM_GetPrescaler                         0x08004079   Thumb Code     6  stm32f10x_tim.o(.text)
    TIM_GetFlagStatus                        0x0800407f   Thumb Code    18  stm32f10x_tim.o(.text)
    TIM_ClearFlag                            0x08004091   Thumb Code     6  stm32f10x_tim.o(.text)
    TIM_GetITStatus                          0x08004097   Thumb Code    34  stm32f10x_tim.o(.text)
    TIM_ClearITPendingBit                    0x080040b9   Thumb Code     6  stm32f10x_tim.o(.text)
    delay_init                               0x080040c1   Thumb Code    50  delay.o(.text)
    delay_us                                 0x080040f3   Thumb Code    72  delay.o(.text)
    delay_ms                                 0x0800413b   Thumb Code    72  delay.o(.text)
    NVIC_Configuration                       0x08004195   Thumb Code    12  sys.o(.text)
    _sys_exit                                0x080041a1   Thumb Code     6  usart.o(.text)
    fputc                                    0x080041a7   Thumb Code    24  usart.o(.text)
    uart_init                                0x080041bf   Thumb Code   152  usart.o(.text)
    Bluetoot_Receive_isr1                    0x08004257   Thumb Code   256  usart.o(.text)
    USART1_IRQHandler                        0x08004357   Thumb Code   136  usart.o(.text)
    USART1_DataSend                          0x080043df   Thumb Code    22  usart.o(.text)
    UART_SendBytes                           0x080043f5   Thumb Code    38  usart.o(.text)
    Usart1_Send                              0x0800441b   Thumb Code    62  usart.o(.text)
    Bluetoot_Receive_isr                     0x08004459   Thumb Code   120  usart.o(.text)
    Bluetooth_enter_Queue                    0x080044d1   Thumb Code    30  usart.o(.text)
    Bluetooth_exit_Queue                     0x080044ef   Thumb Code    32  usart.o(.text)
    send_Bluetooth_Data                      0x0800450f   Thumb Code   202  usart.o(.text)
    MPU_Write_Byte                           0x080045d9   Thumb Code    68  mpu6050.o(.text)
    MPU_Set_LPF                              0x0800461d   Thumb Code    58  mpu6050.o(.text)
    MPU_Set_Rate                             0x08004657   Thumb Code    58  mpu6050.o(.text)
    MPU_Read_Byte                            0x08004691   Thumb Code    58  mpu6050.o(.text)
    MPU_Set_Accel_Fsr                        0x080046cb   Thumb Code    16  mpu6050.o(.text)
    MPU_Set_Gyro_Fsr                         0x080046db   Thumb Code    16  mpu6050.o(.text)
    MPU_Init                                 0x080046eb   Thumb Code   122  mpu6050.o(.text)
    MPU_Read_Len                             0x08004765   Thumb Code   116  mpu6050.o(.text)
    MPU_Get_Temperature                      0x080047d9   Thumb Code    86  mpu6050.o(.text)
    MPU_Get_Gyroscope                        0x0800482f   Thumb Code    80  mpu6050.o(.text)
    MPU_Get_Accelerometer                    0x0800487f   Thumb Code    80  mpu6050.o(.text)
    MPU_Write_Len                            0x080048cf   Thumb Code    96  mpu6050.o(.text)
    MPU_IIC_Delay                            0x08004941   Thumb Code    10  mpuiic.o(.text)
    MPU_IIC_Init                             0x0800494b   Thumb Code    50  mpuiic.o(.text)
    MPU_IIC_Start                            0x0800497d   Thumb Code    64  mpuiic.o(.text)
    MPU_IIC_Stop                             0x080049bd   Thumb Code    66  mpuiic.o(.text)
    MPU_IIC_Wait_Ack                         0x080049ff   Thumb Code    90  mpuiic.o(.text)
    MPU_IIC_Ack                              0x08004a59   Thumb Code    70  mpuiic.o(.text)
    MPU_IIC_NAck                             0x08004a9f   Thumb Code    70  mpuiic.o(.text)
    MPU_IIC_Send_Byte                        0x08004ae5   Thumb Code    86  mpuiic.o(.text)
    MPU_IIC_Read_Byte                        0x08004b3b   Thumb Code   100  mpuiic.o(.text)
    mpu_reg_dump                             0x08004c37   Thumb Code    84  inv_mpu.o(.text)
    mpu_read_reg                             0x08004c8b   Thumb Code    66  inv_mpu.o(.text)
    mpu_set_int_latched                      0x08004ccd   Thumb Code   102  inv_mpu.o(.text)
    mpu_set_sensors                          0x08004d33   Thumb Code   202  inv_mpu.o(.text)
    mpu_set_bypass                           0x08004dfd   Thumb Code   328  inv_mpu.o(.text)
    mpu_reset_fifo                           0x08004f45   Thumb Code   472  inv_mpu.o(.text)
    mpu_configure_fifo                       0x0800511d   Thumb Code   106  inv_mpu.o(.text)
    mpu_set_lpf                              0x08005187   Thumb Code   126  inv_mpu.o(.text)
    mpu_lp_accel_mode                        0x08005205   Thumb Code   218  inv_mpu.o(.text)
    mpu_set_sample_rate                      0x080052df   Thumb Code   152  inv_mpu.o(.text)
    mpu_set_accel_fsr                        0x08005377   Thumb Code   132  inv_mpu.o(.text)
    mpu_set_gyro_fsr                         0x080053fb   Thumb Code   132  inv_mpu.o(.text)
    mpu_init                                 0x0800547f   Thumb Code   416  inv_mpu.o(.text)
    mget_ms                                  0x0800561f   Thumb Code     2  inv_mpu.o(.text)
    mpu_get_gyro_reg                         0x08005621   Thumb Code   110  inv_mpu.o(.text)
    mpu_get_accel_reg                        0x0800568f   Thumb Code   110  inv_mpu.o(.text)
    mpu_get_temperature                      0x080056fd   Thumb Code   150  inv_mpu.o(.text)
    mpu_set_accel_bias                       0x08005793   Thumb Code   468  inv_mpu.o(.text)
    mpu_get_gyro_fsr                         0x08005967   Thumb Code    64  inv_mpu.o(.text)
    mpu_get_accel_fsr                        0x080059a7   Thumb Code    72  inv_mpu.o(.text)
    mpu_get_lpf                              0x080059ef   Thumb Code    74  inv_mpu.o(.text)
    mpu_get_sample_rate                      0x08005a39   Thumb Code    26  inv_mpu.o(.text)
    mpu_get_compass_sample_rate              0x08005a53   Thumb Code    10  inv_mpu.o(.text)
    mpu_set_compass_sample_rate              0x08005a5d   Thumb Code     8  inv_mpu.o(.text)
    mpu_get_gyro_sens                        0x08005a65   Thumb Code    58  inv_mpu.o(.text)
    mpu_get_accel_sens                       0x08005a9f   Thumb Code    78  inv_mpu.o(.text)
    mpu_get_fifo_config                      0x08005aed   Thumb Code    12  inv_mpu.o(.text)
    mpu_get_power_state                      0x08005af9   Thumb Code    22  inv_mpu.o(.text)
    mpu_get_int_status                       0x08005b0f   Thumb Code    64  inv_mpu.o(.text)
    mpu_read_fifo                            0x08005b4f   Thumb Code   520  inv_mpu.o(.text)
    mpu_read_fifo_stream                     0x08005d57   Thumb Code   186  inv_mpu.o(.text)
    mpu_set_int_level                        0x08005e11   Thumb Code    12  inv_mpu.o(.text)
    mpu_set_dmp_state                        0x080064f1   Thumb Code   138  inv_mpu.o(.text)
    mpu_run_self_test                        0x0800657b   Thumb Code   278  inv_mpu.o(.text)
    mpu_write_mem                            0x08006691   Thumb Code   122  inv_mpu.o(.text)
    mpu_read_mem                             0x0800670b   Thumb Code   122  inv_mpu.o(.text)
    mpu_load_firmware                        0x08006785   Thumb Code   190  inv_mpu.o(.text)
    mpu_get_dmp_state                        0x08006843   Thumb Code    14  inv_mpu.o(.text)
    setup_compass                            0x08006851   Thumb Code     6  inv_mpu.o(.text)
    mpu_get_compass_reg                      0x08006857   Thumb Code     8  inv_mpu.o(.text)
    mpu_get_compass_fsr                      0x0800685f   Thumb Code     8  inv_mpu.o(.text)
    mpu_lp_motion_interrupt                  0x08006867   Thumb Code   512  inv_mpu.o(.text)
    run_self_test                            0x08006a67   Thumb Code   148  inv_mpu.o(.text)
    inv_row_2_scale                          0x08006afb   Thumb Code    78  inv_mpu.o(.text)
    inv_orientation_matrix_to_scalar         0x08006b49   Thumb Code    40  inv_mpu.o(.text)
    mpu_dmp_init                             0x08006b71   Thumb Code   148  inv_mpu.o(.text)
    mpu_dmp_get_data                         0x08006c05   Thumb Code   554  inv_mpu.o(.text)
    dmp_load_motion_driver_firmware          0x08006e35   Thumb Code    20  inv_mpu_dmp_motion_driver.o(.text)
    dmp_set_orientation                      0x08006e49   Thumb Code   290  inv_mpu_dmp_motion_driver.o(.text)
    dmp_set_gyro_bias                        0x08006f6b   Thumb Code   294  inv_mpu_dmp_motion_driver.o(.text)
    dmp_set_accel_bias                       0x08007091   Thumb Code   300  inv_mpu_dmp_motion_driver.o(.text)
    dmp_set_fifo_rate                        0x080071bd   Thumb Code   136  inv_mpu_dmp_motion_driver.o(.text)
    dmp_get_fifo_rate                        0x08007245   Thumb Code    12  inv_mpu_dmp_motion_driver.o(.text)
    dmp_set_tap_thresh                       0x08007251   Thumb Code   396  inv_mpu_dmp_motion_driver.o(.text)
    dmp_set_tap_axes                         0x080073dd   Thumb Code    70  inv_mpu_dmp_motion_driver.o(.text)
    dmp_set_tap_count                        0x08007423   Thumb Code    38  inv_mpu_dmp_motion_driver.o(.text)
    dmp_set_tap_time                         0x08007449   Thumb Code    38  inv_mpu_dmp_motion_driver.o(.text)
    dmp_set_tap_time_multi                   0x0800746f   Thumb Code    38  inv_mpu_dmp_motion_driver.o(.text)
    dmp_set_shake_reject_thresh              0x08007495   Thumb Code    56  inv_mpu_dmp_motion_driver.o(.text)
    dmp_set_shake_reject_time                0x080074cd   Thumb Code    38  inv_mpu_dmp_motion_driver.o(.text)
    dmp_set_shake_reject_timeout             0x080074f3   Thumb Code    38  inv_mpu_dmp_motion_driver.o(.text)
    dmp_get_pedometer_step_count             0x08007519   Thumb Code    66  inv_mpu_dmp_motion_driver.o(.text)
    dmp_set_pedometer_step_count             0x0800755b   Thumb Code    42  inv_mpu_dmp_motion_driver.o(.text)
    dmp_get_pedometer_walk_time              0x08007585   Thumb Code    72  inv_mpu_dmp_motion_driver.o(.text)
    dmp_set_pedometer_walk_time              0x080075cd   Thumb Code    48  inv_mpu_dmp_motion_driver.o(.text)
    dmp_enable_6x_lp_quat                    0x080075fd   Thumb Code    84  inv_mpu_dmp_motion_driver.o(.text)
    dmp_enable_lp_quat                       0x08007651   Thumb Code    60  inv_mpu_dmp_motion_driver.o(.text)
    dmp_enable_gyro_cal                      0x0800768d   Thumb Code    62  inv_mpu_dmp_motion_driver.o(.text)
    dmp_enable_feature                       0x080076cb   Thumb Code   530  inv_mpu_dmp_motion_driver.o(.text)
    dmp_get_enabled_features                 0x080078dd   Thumb Code    12  inv_mpu_dmp_motion_driver.o(.text)
    dmp_set_interrupt_mode                   0x08007947   Thumb Code    66  inv_mpu_dmp_motion_driver.o(.text)
    dmp_read_fifo                            0x08007989   Thumb Code   514  inv_mpu_dmp_motion_driver.o(.text)
    dmp_register_tap_cb                      0x08007b8b   Thumb Code    10  inv_mpu_dmp_motion_driver.o(.text)
    dmp_register_android_orient_cb           0x08007b95   Thumb Code    10  inv_mpu_dmp_motion_driver.o(.text)
    __use_no_semihosting                     0x08007ba5   Thumb Code     2  use_no_semi_2.o(.text)
    __aeabi_ldivmod                          0x08007ba7   Thumb Code     0  llsdiv.o(.text)
    _ll_sdiv                                 0x08007ba7   Thumb Code    72  llsdiv.o(.text)
    __2printf                                0x08007bf1   Thumb Code    20  noretval__2printf.o(.text)
    _printf_pre_padding                      0x08007c09   Thumb Code    44  _printf_pad.o(.text)
    _printf_post_padding                     0x08007c35   Thumb Code    34  _printf_pad.o(.text)
    _printf_int_dec                          0x08007c59   Thumb Code   104  _printf_dec.o(.text)
    _printf_int_hex                          0x08007cd1   Thumb Code    84  _printf_hex_int.o(.text)
    _printf_longlong_hex                     0x08007cd1   Thumb Code     0  _printf_hex_int.o(.text)
    __printf                                 0x08007d29   Thumb Code   308  __printf_flags_wp.o(.text)
    memcmp                                   0x08007e61   Thumb Code    88  memcmp.o(.text)
    __aeabi_memset                           0x08007eb9   Thumb Code    16  aeabi_memset.o(.text)
    __use_two_region_memory                  0x08007ec9   Thumb Code     2  heapauxi.o(.text)
    __rt_heap_escrow$2region                 0x08007ecb   Thumb Code     2  heapauxi.o(.text)
    __rt_heap_expand$2region                 0x08007ecd   Thumb Code     2  heapauxi.o(.text)
    __I$use$semihosting                      0x08007ecf   Thumb Code     0  use_no_semi.o(.text)
    __use_no_semihosting_swi                 0x08007ecf   Thumb Code     2  use_no_semi.o(.text)
    __aeabi_uldivmod                         0x08007ed1   Thumb Code     0  lludivv7m.o(.text)
    _ll_udiv                                 0x08007ed1   Thumb Code   238  lludivv7m.o(.text)
    __read_errno                             0x08007fbf   Thumb Code    10  _rserrno.o(.text)
    __set_errno                              0x08007fc9   Thumb Code    12  _rserrno.o(.text)
    _printf_int_common                       0x08007fd5   Thumb Code   178  _printf_intcommon.o(.text)
    _printf_char_file                        0x08008089   Thumb Code    32  _printf_char_file.o(.text)
    __aeabi_memclr                           0x080080ad   Thumb Code     0  rt_memclr.o(.text)
    __rt_memclr                              0x080080ad   Thumb Code    68  rt_memclr.o(.text)
    _memset                                  0x080080b1   Thumb Code     0  rt_memclr.o(.text)
    __aeabi_errno_addr                       0x080080f1   Thumb Code     8  rt_errno_addr_intlibspace.o(.text)
    __errno$intlibspace                      0x080080f1   Thumb Code     0  rt_errno_addr_intlibspace.o(.text)
    __rt_errno_addr$intlibspace              0x080080f1   Thumb Code     0  rt_errno_addr_intlibspace.o(.text)
    _printf_char_common                      0x08008103   Thumb Code    32  _printf_char_common.o(.text)
    ferror                                   0x08008129   Thumb Code     8  ferror.o(.text)
    __aeabi_memclr4                          0x08008131   Thumb Code     0  rt_memclr_w.o(.text)
    __aeabi_memclr8                          0x08008131   Thumb Code     0  rt_memclr_w.o(.text)
    __rt_memclr_w                            0x08008131   Thumb Code    78  rt_memclr_w.o(.text)
    _memset_w                                0x08008135   Thumb Code     0  rt_memclr_w.o(.text)
    __user_libspace                          0x08008181   Thumb Code     8  libspace.o(.text)
    __user_perproc_libspace                  0x08008181   Thumb Code     0  libspace.o(.text)
    __user_perthread_libspace                0x08008181   Thumb Code     0  libspace.o(.text)
    __user_setup_stackheap                   0x08008189   Thumb Code    74  sys_stackheap_outer.o(.text)
    exit                                     0x080081d3   Thumb Code    18  exit.o(.text)
    __ARM_fpclassify                         0x080081e5   Thumb Code    40  fpclassify.o(i.__ARM_fpclassify)
    __kernel_poly                            0x0800820d   Thumb Code   170  poly.o(i.__kernel_poly)
    __mathlib_dbl_infnan                     0x080082b7   Thumb Code     6  dunder.o(i.__mathlib_dbl_infnan)
    __mathlib_dbl_infnan2                    0x080082bd   Thumb Code     4  dunder.o(i.__mathlib_dbl_infnan2)
    __mathlib_dbl_invalid                    0x080082c1   Thumb Code    12  dunder.o(i.__mathlib_dbl_invalid)
    __mathlib_dbl_underflow                  0x080082cd   Thumb Code    10  dunder.o(i.__mathlib_dbl_underflow)
    _is_digit                                0x080082dd   Thumb Code    14  __printf_wp.o(i._is_digit)
    asin                                     0x080082ed   Thumb Code   572  asin.o(i.asin)
    atan                                     0x0800855d   Thumb Code   474  atan.o(i.atan)
    atan2                                    0x0800877d   Thumb Code   346  atan2.o(i.atan2)
    sqrt                                     0x080088fd   Thumb Code    76  sqrt.o(i.sqrt)
    __aeabi_d2f                              0x08008949   Thumb Code     0  d2f.o(x$fpl$d2f)
    _d2f                                     0x08008949   Thumb Code    98  d2f.o(x$fpl$d2f)
    __aeabi_dadd                             0x080089ad   Thumb Code     0  daddsub_clz.o(x$fpl$dadd)
    _dadd                                    0x080089ad   Thumb Code   332  daddsub_clz.o(x$fpl$dadd)
    __fpl_dcheck_NaN1                        0x08008afd   Thumb Code    10  dcheck1.o(x$fpl$dcheck1)
    __aeabi_ddiv                             0x08008b0d   Thumb Code     0  ddiv.o(x$fpl$ddiv)
    _ddiv                                    0x08008b0d   Thumb Code   552  ddiv.o(x$fpl$ddiv)
    __aeabi_d2iz                             0x08008dbd   Thumb Code     0  dfix.o(x$fpl$dfix)
    _dfix                                    0x08008dbd   Thumb Code    94  dfix.o(x$fpl$dfix)
    __aeabi_d2uiz                            0x08008e1d   Thumb Code     0  dfixu.o(x$fpl$dfixu)
    _dfixu                                   0x08008e1d   Thumb Code    90  dfixu.o(x$fpl$dfixu)
    __aeabi_i2d                              0x08008e77   Thumb Code     0  dflt_clz.o(x$fpl$dflt)
    _dflt                                    0x08008e77   Thumb Code    46  dflt_clz.o(x$fpl$dflt)
    __aeabi_dmul                             0x08008ea5   Thumb Code     0  dmul.o(x$fpl$dmul)
    _dmul                                    0x08008ea5   Thumb Code   332  dmul.o(x$fpl$dmul)
    __fpl_dnaninf                            0x08008ff9   Thumb Code   156  dnaninf.o(x$fpl$dnaninf)
    __fpl_dretinf                            0x08009095   Thumb Code    12  dretinf.o(x$fpl$dretinf)
    __aeabi_drsub                            0x080090a1   Thumb Code     0  daddsub_clz.o(x$fpl$drsb)
    _drsb                                    0x080090a1   Thumb Code    22  daddsub_clz.o(x$fpl$drsb)
    _dsqrt                                   0x080090b9   Thumb Code   456  dsqrt_noumaal.o(x$fpl$dsqrt)
    __aeabi_dsub                             0x08009285   Thumb Code     0  daddsub_clz.o(x$fpl$dsub)
    _dsub                                    0x08009285   Thumb Code   464  daddsub_clz.o(x$fpl$dsub)
    __aeabi_f2d                              0x08009459   Thumb Code     0  f2d.o(x$fpl$f2d)
    _f2d                                     0x08009459   Thumb Code    86  f2d.o(x$fpl$f2d)
    __aeabi_fadd                             0x080094b1   Thumb Code     0  faddsub_clz.o(x$fpl$fadd)
    _fadd                                    0x080094b1   Thumb Code   196  faddsub_clz.o(x$fpl$fadd)
    __fpl_fcmp_Inf                           0x08009575   Thumb Code    24  fcmpi.o(x$fpl$fcmpinf)
    __aeabi_fdiv                             0x0800958d   Thumb Code     0  fdiv.o(x$fpl$fdiv)
    _fdiv                                    0x0800958d   Thumb Code   384  fdiv.o(x$fpl$fdiv)
    __aeabi_cfcmpeq                          0x08009711   Thumb Code     0  feqf.o(x$fpl$feqf)
    _fcmpeq                                  0x08009711   Thumb Code   104  feqf.o(x$fpl$feqf)
    __aeabi_f2iz                             0x08009779   Thumb Code     0  ffix.o(x$fpl$ffix)
    _ffix                                    0x08009779   Thumb Code    54  ffix.o(x$fpl$ffix)
    __aeabi_f2uiz                            0x080097b1   Thumb Code     0  ffixu.o(x$fpl$ffixu)
    _ffixu                                   0x080097b1   Thumb Code    62  ffixu.o(x$fpl$ffixu)
    __aeabi_i2f                              0x080097f1   Thumb Code     0  fflt_clz.o(x$fpl$fflt)
    _fflt                                    0x080097f1   Thumb Code    48  fflt_clz.o(x$fpl$fflt)
    __aeabi_ui2f                             0x08009821   Thumb Code     0  fflt_clz.o(x$fpl$ffltu)
    _ffltu                                   0x08009821   Thumb Code    38  fflt_clz.o(x$fpl$ffltu)
    __aeabi_cfcmple                          0x08009849   Thumb Code     0  fleqf.o(x$fpl$fleqf)
    _fcmple                                  0x08009849   Thumb Code   104  fleqf.o(x$fpl$fleqf)
    __fpl_fcmple_InfNaN                      0x0800989b   Thumb Code     0  fleqf.o(x$fpl$fleqf)
    __aeabi_fmul                             0x080098b1   Thumb Code     0  fmul.o(x$fpl$fmul)
    _fmul                                    0x080098b1   Thumb Code   258  fmul.o(x$fpl$fmul)
    __fpl_fnaninf                            0x080099b3   Thumb Code   140  fnaninf.o(x$fpl$fnaninf)
    __fpl_fretinf                            0x08009a3f   Thumb Code    10  fretinf.o(x$fpl$fretinf)
    __aeabi_cfrcmple                         0x08009a49   Thumb Code     0  frleqf.o(x$fpl$frleqf)
    _frcmple                                 0x08009a49   Thumb Code    98  frleqf.o(x$fpl$frleqf)
    __aeabi_frsub                            0x08009aab   Thumb Code     0  faddsub_clz.o(x$fpl$frsb)
    _frsb                                    0x08009aab   Thumb Code    20  faddsub_clz.o(x$fpl$frsb)
    __aeabi_fsub                             0x08009ac1   Thumb Code     0  faddsub_clz.o(x$fpl$fsub)
    _fsub                                    0x08009ac1   Thumb Code   234  faddsub_clz.o(x$fpl$fsub)
    __fpl_return_NaN                         0x08009bab   Thumb Code   100  retnan.o(x$fpl$retnan)
    __ARM_scalbn                             0x08009c0f   Thumb Code    92  scalbn.o(x$fpl$scalbn)
    __fpl_cmpreturn                          0x08009c6b   Thumb Code    48  trapv.o(x$fpl$trapveneer)
    __I$use$fp                               0x08009c9a   Number         0  usenofp.o(x$fpl$usenofp)
    reg                                      0x08009c9c   Data          27  inv_mpu.o(.constdata)
    hw                                       0x08009cb8   Data          12  inv_mpu.o(.constdata)
    test                                     0x08009cc4   Data          40  inv_mpu.o(.constdata)
    __mathlib_zero                           0x0800aa08   Data           8  qnan.o(.constdata)
    Region$$Table$$Base                      0x0800aa60   Number         0  anon$$obj.o(Region$$Table)
    Region$$Table$$Limit                     0x0800aa80   Number         0  anon$$obj.o(Region$$Table)
    a                                        0x20000000   Data           4  main.o(.data)
    b                                        0x20000004   Data           4  main.o(.data)
    c                                        0x20000008   Data           4  main.o(.data)
    time2                                    0x2000000c   Data           4  main.o(.data)
    time3                                    0x20000010   Data           4  main.o(.data)
    time4                                    0x20000014   Data           4  main.o(.data)
    time5                                    0x20000018   Data           4  main.o(.data)
    time6                                    0x2000001c   Data           4  main.o(.data)
    time7                                    0x20000020   Data           4  main.o(.data)
    agl_count                                0x20000024   Data           4  main.o(.data)
    agl_sum0                                 0x20000028   Data           4  main.o(.data)
    encoderCount                             0x2000002c   Data           4  main.o(.data)
    te1                                      0x20000030   Data           4  main.o(.data)
    test1                                    0x20000034   Data           4  main.o(.data)
    test2                                    0x20000038   Data           4  main.o(.data)
    test3                                    0x2000003c   Data           4  main.o(.data)
    pre_count                                0x20000040   Data           4  main.o(.data)
    SystemCoreClock                          0x20000044   Data           4  system_stm32f10x.o(.data)
    AHBPrescTable                            0x20000048   Data          16  system_stm32f10x.o(.data)
    TIM2CH1_CAPTURE_STA                      0x20000058   Data           1  timer.o(.data)
    TIM2CH1_CAPTURE_UPVAL                    0x2000005a   Data           2  timer.o(.data)
    TIM2CH1_CAPTURE_DOWNVAL                  0x2000005c   Data           2  timer.o(.data)
    TIM2CH2_CAPTURE_STA                      0x2000005e   Data           1  timer.o(.data)
    TIM2CH2_CAPTURE_UPVAL                    0x20000060   Data           2  timer.o(.data)
    TIM2CH2_CAPTURE_DOWNVAL                  0x20000062   Data           2  timer.o(.data)
    TIM2CH3_CAPTURE_STA                      0x20000064   Data           1  timer.o(.data)
    TIM2CH3_CAPTURE_UPVAL                    0x20000066   Data           2  timer.o(.data)
    TIM2CH3_CAPTURE_DOWNVAL                  0x20000068   Data           2  timer.o(.data)
    TIM2CH4_CAPTURE_STA                      0x2000006a   Data           1  timer.o(.data)
    TIM2CH4_CAPTURE_UPVAL                    0x2000006c   Data           2  timer.o(.data)
    TIM2CH4_CAPTURE_DOWNVAL                  0x2000006e   Data           2  timer.o(.data)
    uptimech1                                0x20000070   Data           4  timer.o(.data)
    uptimech2                                0x20000074   Data           4  timer.o(.data)
    uptimech3                                0x20000078   Data           4  timer.o(.data)
    uptimech4                                0x2000007c   Data           4  timer.o(.data)
    ahehe                                    0x20000080   Data           4  timer.o(.data)
    direction                                0x20000084   Data           1  timer.o(.data)
    pitch                                    0x20000088   Data           4  schedule.o(.data)
    roll                                     0x2000008c   Data           4  schedule.o(.data)
    yaw                                      0x20000090   Data           4  schedule.o(.data)
    aacx                                     0x20000094   Data           2  schedule.o(.data)
    aacy                                     0x20000096   Data           2  schedule.o(.data)
    aacz                                     0x20000098   Data           2  schedule.o(.data)
    gyrox                                    0x2000009a   Data           2  schedule.o(.data)
    gyroy                                    0x2000009c   Data           2  schedule.o(.data)
    gyroz                                    0x2000009e   Data           2  schedule.o(.data)
    temp                                     0x200000a0   Data           2  schedule.o(.data)
    whole_encoder                            0x200000a4   Data           4  schedule.o(.data)
    dir_pwm_yaw                              0x200000a8   Data           4  schedule.o(.data)
    dir_pwm_pitch                            0x200000ac   Data           4  schedule.o(.data)
    speed_set                                0x200000b0   Data           4  schedule.o(.data)
    speed_control                            0x200000b4   Data           4  schedule.o(.data)
    yaw_Mid                                  0x200000b8   Data           2  schedule.o(.data)
    pitch_Mid                                0x200000ba   Data           2  schedule.o(.data)
    yaw_speed_limit                          0x200000bc   Data           4  schedule.o(.data)
    pitch_speed_limit                        0x200000c0   Data           4  schedule.o(.data)
    yaw_acc_limit                            0x200000c4   Data           4  schedule.o(.data)
    pitch_acc_limit                          0x200000c8   Data           4  schedule.o(.data)
    yaw_out_limit                            0x200000cc   Data           4  schedule.o(.data)
    pitch_out_limit                          0x200000d0   Data           4  schedule.o(.data)
    target_yaw                               0x200000d4   Data           4  schedule.o(.data)
    target_pitch                             0x200000d8   Data           4  schedule.o(.data)
    time1                                    0x200000dc   Data           4  schedule.o(.data)
    send_flag                                0x200000e0   Data           4  schedule.o(.data)
    checkdata_to_send                        0x200000e4   Data           1  data_transfer.o(.data)
    checksum_to_send                         0x200000e5   Data           1  data_transfer.o(.data)
    count                                    0x2000010c   Data           1  usart.o(.data)
    Bluth_waitTime                           0x20000110   Data           4  usart.o(.data)
    receFlag                                 0x20000114   Data           1  usart.o(.data)
    BTNumberReceCount                        0x20000115   Data           1  usart.o(.data)
    receErrorTime                            0x20000116   Data           1  usart.o(.data)
    headcount                                0x20000117   Data           1  usart.o(.data)
    head2count                               0x20000118   Data           1  usart.o(.data)
    Bluetooth_start                          0x2000011c   Data           4  usart.o(.data)
    HIGH                                     0x20000120   Data           2  usart.o(.data)
    Speed_set                                0x20000122   Data           2  usart.o(.data)
    D_yaw_control                            0x20000124   Data           2  usart.o(.data)
    D_pitch_control                          0x20000126   Data           2  usart.o(.data)
    D_roll_control                           0x20000128   Data           2  usart.o(.data)
    P                                        0x2000012a   Data           2  usart.o(.data)
    I                                        0x2000012c   Data           2  usart.o(.data)
    D                                        0x2000012e   Data           2  usart.o(.data)
    __stdout                                 0x20000130   Data           4  usart.o(.data)
    USART_RX_STA                             0x20000134   Data           2  usart.o(.data)
    Tx1Counter                               0x20000136   Data           1  usart.o(.data)
    count1                                   0x20000137   Data           1  usart.o(.data)
    USART_state                              0x20000138   Data           4  usart.o(.data)
    BTreceCRCTemp                            0x2000013c   Data           1  usart.o(.data)
    BTreceCRCFlag                            0x2000013d   Data           1  usart.o(.data)
    receive                                  0x2000013e   Data           1  usart.o(.data)
    auto_control                             0x2000013f   Data           1  usart.o(.data)
    TIM2_ICInitStructure                     0x20000178   Data          10  timer.o(.bss)
    yaw_PID                                  0x20000184   Data          40  schedule.o(.bss)
    pitch_PID                                0x200001ac   Data          40  schedule.o(.bss)
    yaw_speed_PID                            0x200001d4   Data          40  schedule.o(.bss)
    pitch_speed_PID                          0x200001fc   Data          40  schedule.o(.bss)
    yaw_acc_PID                              0x20000224   Data          40  schedule.o(.bss)
    pitch_acc_PID                            0x2000024c   Data          40  schedule.o(.bss)
    f                                        0x20000274   Data          18  data_transfer.o(.bss)
    data_to_send                             0x20000286   Data          50  data_transfer.o(.bss)
    ctrl_Pitch                               0x200002b8   Data          12  data_transfer.o(.bss)
    ctrl_Roll                                0x200002c4   Data          12  data_transfer.o(.bss)
    ctrl_Yaw                                 0x200002d0   Data          12  data_transfer.o(.bss)
    ctr2_Pitch                               0x200002dc   Data          12  data_transfer.o(.bss)
    ctr2_Roll                                0x200002e8   Data          12  data_transfer.o(.bss)
    ctr2_Yaw                                 0x200002f4   Data          12  data_transfer.o(.bss)
    TxBuffer                                 0x20000334   Data         256  usart.o(.bss)
    BTNumberSend                             0x20000434   Data          15  usart.o(.bss)
    BTNumberTrue                             0x20000443   Data          10  usart.o(.bss)
    BTNumberTrue_16                          0x2000044e   Data          10  usart.o(.bss)
    BTNumberRece                             0x20000458   Data          16  usart.o(.bss)
    BTNumberErrorTrue                        0x20000468   Data          15  usart.o(.bss)
    Bluetooth_queue                          0x20000478   Data         112  usart.o(.bss)
    USART_RX_BUF                             0x200004e8   Data         200  usart.o(.bss)
    Tx1Buffer                                0x200005b0   Data         256  usart.o(.bss)
    __libspace_start                         0x200006c0   Data          96  libspace.o(.bss)
    __temporary_stack_top$libspace           0x20000720   Data           0  libspace.o(.bss)



==============================================================================

Memory Map of the image

  Image Entry point : 0x080000ed

  Load Region LR_IROM1 (Base: 0x08000000, Size: 0x0000abf8, Max: 0x00010000, ABSOLUTE, COMPRESSED[0x0000aad8])

    Execution Region ER_IROM1 (Base: 0x08000000, Size: 0x0000aa80, Max: 0x00010000, ABSOLUTE)

    Base Addr    Size         Type   Attr      Idx    E Section Name        Object

    0x08000000   0x000000ec   Data   RO          264    RESET               startup_stm32f10x_md.o
    0x080000ec   0x00000008   Code   RO          569  * !!!main             c_w.l(__main.o)
    0x080000f4   0x00000034   Code   RO          904    !!!scatter          c_w.l(__scatter.o)
    0x08000128   0x0000005a   Code   RO          902    !!dczerorl2         c_w.l(__dczerorl2.o)
    0x08000182   0x00000002   PAD
    0x08000184   0x0000001c   Code   RO          906    !!handler_zi        c_w.l(__scatter_zi.o)
    0x080001a0   0x00000000   Code   RO          562    .ARM.Collect$$_printf_percent$$00000000  c_w.l(_printf_percent.o)
    0x080001a0   0x00000006   Code   RO          561    .ARM.Collect$$_printf_percent$$00000009  c_w.l(_printf_d.o)
    0x080001a6   0x00000006   Code   RO          560    .ARM.Collect$$_printf_percent$$0000000C  c_w.l(_printf_x.o)
    0x080001ac   0x00000004   Code   RO          662    .ARM.Collect$$_printf_percent$$00000017  c_w.l(_printf_percent_end.o)
    0x080001b0   0x00000002   Code   RO          769    .ARM.Collect$$libinit$$00000000  c_w.l(libinit.o)
    0x080001b2   0x00000000   Code   RO          781    .ARM.Collect$$libinit$$00000002  c_w.l(libinit2.o)
    0x080001b2   0x00000000   Code   RO          783    .ARM.Collect$$libinit$$00000004  c_w.l(libinit2.o)
    0x080001b2   0x00000000   Code   RO          786    .ARM.Collect$$libinit$$0000000A  c_w.l(libinit2.o)
    0x080001b2   0x00000000   Code   RO          788    .ARM.Collect$$libinit$$0000000C  c_w.l(libinit2.o)
    0x080001b2   0x00000000   Code   RO          790    .ARM.Collect$$libinit$$0000000E  c_w.l(libinit2.o)
    0x080001b2   0x00000000   Code   RO          793    .ARM.Collect$$libinit$$00000011  c_w.l(libinit2.o)
    0x080001b2   0x00000000   Code   RO          795    .ARM.Collect$$libinit$$00000013  c_w.l(libinit2.o)
    0x080001b2   0x00000000   Code   RO          797    .ARM.Collect$$libinit$$00000015  c_w.l(libinit2.o)
    0x080001b2   0x00000000   Code   RO          799    .ARM.Collect$$libinit$$00000017  c_w.l(libinit2.o)
    0x080001b2   0x00000000   Code   RO          801    .ARM.Collect$$libinit$$00000019  c_w.l(libinit2.o)
    0x080001b2   0x00000000   Code   RO          803    .ARM.Collect$$libinit$$0000001B  c_w.l(libinit2.o)
    0x080001b2   0x00000000   Code   RO          805    .ARM.Collect$$libinit$$0000001D  c_w.l(libinit2.o)
    0x080001b2   0x00000000   Code   RO          807    .ARM.Collect$$libinit$$0000001F  c_w.l(libinit2.o)
    0x080001b2   0x00000000   Code   RO          809    .ARM.Collect$$libinit$$00000021  c_w.l(libinit2.o)
    0x080001b2   0x00000000   Code   RO          811    .ARM.Collect$$libinit$$00000023  c_w.l(libinit2.o)
    0x080001b2   0x00000000   Code   RO          813    .ARM.Collect$$libinit$$00000025  c_w.l(libinit2.o)
    0x080001b2   0x00000000   Code   RO          817    .ARM.Collect$$libinit$$0000002C  c_w.l(libinit2.o)
    0x080001b2   0x00000000   Code   RO          819    .ARM.Collect$$libinit$$0000002E  c_w.l(libinit2.o)
    0x080001b2   0x00000000   Code   RO          821    .ARM.Collect$$libinit$$00000030  c_w.l(libinit2.o)
    0x080001b2   0x00000000   Code   RO          823    .ARM.Collect$$libinit$$00000032  c_w.l(libinit2.o)
    0x080001b2   0x00000002   Code   RO          824    .ARM.Collect$$libinit$$00000033  c_w.l(libinit2.o)
    0x080001b4   0x00000002   Code   RO          854    .ARM.Collect$$libshutdown$$00000000  c_w.l(libshutdown.o)
    0x080001b6   0x00000000   Code   RO          868    .ARM.Collect$$libshutdown$$00000002  c_w.l(libshutdown2.o)
    0x080001b6   0x00000000   Code   RO          870    .ARM.Collect$$libshutdown$$00000004  c_w.l(libshutdown2.o)
    0x080001b6   0x00000000   Code   RO          873    .ARM.Collect$$libshutdown$$00000007  c_w.l(libshutdown2.o)
    0x080001b6   0x00000000   Code   RO          876    .ARM.Collect$$libshutdown$$0000000A  c_w.l(libshutdown2.o)
    0x080001b6   0x00000000   Code   RO          878    .ARM.Collect$$libshutdown$$0000000C  c_w.l(libshutdown2.o)
    0x080001b6   0x00000000   Code   RO          881    .ARM.Collect$$libshutdown$$0000000F  c_w.l(libshutdown2.o)
    0x080001b6   0x00000002   Code   RO          882    .ARM.Collect$$libshutdown$$00000010  c_w.l(libshutdown2.o)
    0x080001b8   0x00000000   Code   RO          653    .ARM.Collect$$rtentry$$00000000  c_w.l(__rtentry.o)
    0x080001b8   0x00000000   Code   RO          716    .ARM.Collect$$rtentry$$00000002  c_w.l(__rtentry2.o)
    0x080001b8   0x00000006   Code   RO          728    .ARM.Collect$$rtentry$$00000004  c_w.l(__rtentry4.o)
    0x080001be   0x00000000   Code   RO          718    .ARM.Collect$$rtentry$$00000009  c_w.l(__rtentry2.o)
    0x080001be   0x00000004   Code   RO          719    .ARM.Collect$$rtentry$$0000000A  c_w.l(__rtentry2.o)
    0x080001c2   0x00000000   Code   RO          721    .ARM.Collect$$rtentry$$0000000C  c_w.l(__rtentry2.o)
    0x080001c2   0x00000008   Code   RO          722    .ARM.Collect$$rtentry$$0000000D  c_w.l(__rtentry2.o)
    0x080001ca   0x00000002   Code   RO          774    .ARM.Collect$$rtexit$$00000000  c_w.l(rtexit.o)
    0x080001cc   0x00000000   Code   RO          828    .ARM.Collect$$rtexit$$00000002  c_w.l(rtexit2.o)
    0x080001cc   0x00000004   Code   RO          829    .ARM.Collect$$rtexit$$00000003  c_w.l(rtexit2.o)
    0x080001d0   0x00000006   Code   RO          830    .ARM.Collect$$rtexit$$00000004  c_w.l(rtexit2.o)
    0x080001d6   0x00000002   PAD
    0x080001d8   0x00000120   Code   RO            1    .text               main.o
    0x080002f8   0x00000018   Code   RO          106    .text               stm32f10x_it.o
    0x08000310   0x000001e0   Code   RO          141    .text               system_stm32f10x.o
    0x080004f0   0x00000458   Code   RO          174    .text               timer.o
    0x08000948   0x000001fc   Code   RO          193    .text               pwm.o
    0x08000b44   0x000006b0   Code   RO          205    .text               schedule.o
    0x080011f4   0x0000148c   Code   RO          230    .text               data_transfer.o
    0x08002680   0x00000040   Code   RO          265    .text               startup_stm32f10x_md.o
    0x080026c0   0x000000dc   Code   RO          269    .text               misc.o
    0x0800279c   0x0000035c   Code   RO          281    .text               stm32f10x_gpio.o
    0x08002af8   0x000003a4   Code   RO          293    .text               stm32f10x_rcc.o
    0x08002e9c   0x00000408   Code   RO          307    .text               stm32f10x_usart.o
    0x080032a4   0x00000e1a   Code   RO          319    .text               stm32f10x_tim.o
    0x080040be   0x00000002   PAD
    0x080040c0   0x000000d4   Code   RO          343    .text               delay.o
    0x08004194   0x0000000c   Code   RO          357    .text               sys.o
    0x080041a0   0x00000438   Code   RO          369    .text               usart.o
    0x080045d8   0x00000368   Code   RO          404    .text               mpu6050.o
    0x08004940   0x0000026c   Code   RO          416    .text               mpuiic.o
    0x08004bac   0x00002288   Code   RO          428    .text               inv_mpu.o
    0x08006e34   0x00000d70   Code   RO          458    .text               inv_mpu_dmp_motion_driver.o
    0x08007ba4   0x00000002   Code   RO          505    .text               c_w.l(use_no_semi_2.o)
    0x08007ba6   0x00000048   Code   RO          507    .text               c_w.l(llsdiv.o)
    0x08007bee   0x00000002   PAD
    0x08007bf0   0x00000018   Code   RO          511    .text               c_w.l(noretval__2printf.o)
    0x08007c08   0x0000004e   Code   RO          515    .text               c_w.l(_printf_pad.o)
    0x08007c56   0x00000002   PAD
    0x08007c58   0x00000078   Code   RO          517    .text               c_w.l(_printf_dec.o)
    0x08007cd0   0x00000058   Code   RO          522    .text               c_w.l(_printf_hex_int.o)
    0x08007d28   0x00000138   Code   RO          552    .text               c_w.l(__printf_flags_wp.o)
    0x08007e60   0x00000058   Code   RO          563    .text               c_w.l(memcmp.o)
    0x08007eb8   0x00000010   Code   RO          565    .text               c_w.l(aeabi_memset.o)
    0x08007ec8   0x00000006   Code   RO          567    .text               c_w.l(heapauxi.o)
    0x08007ece   0x00000002   Code   RO          651    .text               c_w.l(use_no_semi.o)
    0x08007ed0   0x000000ee   Code   RO          654    .text               c_w.l(lludivv7m.o)
    0x08007fbe   0x00000016   Code   RO          656    .text               c_w.l(_rserrno.o)
    0x08007fd4   0x000000b2   Code   RO          658    .text               c_w.l(_printf_intcommon.o)
    0x08008086   0x00000002   PAD
    0x08008088   0x00000024   Code   RO          660    .text               c_w.l(_printf_char_file.o)
    0x080080ac   0x00000044   Code   RO          663    .text               c_w.l(rt_memclr.o)
    0x080080f0   0x00000008   Code   RO          737    .text               c_w.l(rt_errno_addr_intlibspace.o)
    0x080080f8   0x00000030   Code   RO          739    .text               c_w.l(_printf_char_common.o)
    0x08008128   0x00000008   Code   RO          741    .text               c_w.l(ferror.o)
    0x08008130   0x0000004e   Code   RO          745    .text               c_w.l(rt_memclr_w.o)
    0x0800817e   0x00000002   PAD
    0x08008180   0x00000008   Code   RO          753    .text               c_w.l(libspace.o)
    0x08008188   0x0000004a   Code   RO          756    .text               c_w.l(sys_stackheap_outer.o)
    0x080081d2   0x00000012   Code   RO          762    .text               c_w.l(exit.o)
    0x080081e4   0x00000028   Code   RO          702    i.__ARM_fpclassify  m_ws.l(fpclassify.o)
    0x0800820c   0x000000aa   Code   RO          704    i.__kernel_poly     m_ws.l(poly.o)
    0x080082b6   0x00000006   Code   RO          689    i.__mathlib_dbl_infnan  m_ws.l(dunder.o)
    0x080082bc   0x00000004   Code   RO          690    i.__mathlib_dbl_infnan2  m_ws.l(dunder.o)
    0x080082c0   0x0000000c   Code   RO          691    i.__mathlib_dbl_invalid  m_ws.l(dunder.o)
    0x080082cc   0x00000010   Code   RO          694    i.__mathlib_dbl_underflow  m_ws.l(dunder.o)
    0x080082dc   0x0000000e   Code   RO          550    i._is_digit         c_w.l(__printf_wp.o)
    0x080082ea   0x00000002   PAD
    0x080082ec   0x00000270   Code   RO          634    i.asin              m_ws.l(asin.o)
    0x0800855c   0x00000220   Code   RO          679    i.atan              m_ws.l(atan.o)
    0x0800877c   0x00000180   Code   RO          644    i.atan2             m_ws.l(atan2.o)
    0x080088fc   0x0000004c   Code   RO          708    i.sqrt              m_ws.l(sqrt.o)
    0x08008948   0x00000062   Code   RO          571    x$fpl$d2f           fz_ws.l(d2f.o)
    0x080089aa   0x00000002   PAD
    0x080089ac   0x00000150   Code   RO          573    x$fpl$dadd          fz_ws.l(daddsub_clz.o)
    0x08008afc   0x00000010   Code   RO          747    x$fpl$dcheck1       fz_ws.l(dcheck1.o)
    0x08008b0c   0x000002b0   Code   RO          580    x$fpl$ddiv          fz_ws.l(ddiv.o)
    0x08008dbc   0x0000005e   Code   RO          583    x$fpl$dfix          fz_ws.l(dfix.o)
    0x08008e1a   0x00000002   PAD
    0x08008e1c   0x0000005a   Code   RO          587    x$fpl$dfixu         fz_ws.l(dfixu.o)
    0x08008e76   0x0000002e   Code   RO          592    x$fpl$dflt          fz_ws.l(dflt_clz.o)
    0x08008ea4   0x00000154   Code   RO          597    x$fpl$dmul          fz_ws.l(dmul.o)
    0x08008ff8   0x0000009c   Code   RO          665    x$fpl$dnaninf       fz_ws.l(dnaninf.o)
    0x08009094   0x0000000c   Code   RO          667    x$fpl$dretinf       fz_ws.l(dretinf.o)
    0x080090a0   0x00000016   Code   RO          574    x$fpl$drsb          fz_ws.l(daddsub_clz.o)
    0x080090b6   0x00000002   PAD
    0x080090b8   0x000001cc   Code   RO          751    x$fpl$dsqrt         fz_ws.l(dsqrt_noumaal.o)
    0x08009284   0x000001d4   Code   RO          575    x$fpl$dsub          fz_ws.l(daddsub_clz.o)
    0x08009458   0x00000056   Code   RO          599    x$fpl$f2d           fz_ws.l(f2d.o)
    0x080094ae   0x00000002   PAD
    0x080094b0   0x000000c4   Code   RO          601    x$fpl$fadd          fz_ws.l(faddsub_clz.o)
    0x08009574   0x00000018   Code   RO          669    x$fpl$fcmpinf       fz_ws.l(fcmpi.o)
    0x0800958c   0x00000184   Code   RO          608    x$fpl$fdiv          fz_ws.l(fdiv.o)
    0x08009710   0x00000068   Code   RO          611    x$fpl$feqf          fz_ws.l(feqf.o)
    0x08009778   0x00000036   Code   RO          613    x$fpl$ffix          fz_ws.l(ffix.o)
    0x080097ae   0x00000002   PAD
    0x080097b0   0x0000003e   Code   RO          617    x$fpl$ffixu         fz_ws.l(ffixu.o)
    0x080097ee   0x00000002   PAD
    0x080097f0   0x00000030   Code   RO          622    x$fpl$fflt          fz_ws.l(fflt_clz.o)
    0x08009820   0x00000026   Code   RO          621    x$fpl$ffltu         fz_ws.l(fflt_clz.o)
    0x08009846   0x00000002   PAD
    0x08009848   0x00000068   Code   RO          627    x$fpl$fleqf         fz_ws.l(fleqf.o)
    0x080098b0   0x00000102   Code   RO          629    x$fpl$fmul          fz_ws.l(fmul.o)
    0x080099b2   0x0000008c   Code   RO          671    x$fpl$fnaninf       fz_ws.l(fnaninf.o)
    0x08009a3e   0x0000000a   Code   RO          673    x$fpl$fretinf       fz_ws.l(fretinf.o)
    0x08009a48   0x00000062   Code   RO          631    x$fpl$frleqf        fz_ws.l(frleqf.o)
    0x08009aaa   0x00000014   Code   RO          602    x$fpl$frsb          fz_ws.l(faddsub_clz.o)
    0x08009abe   0x00000002   PAD
    0x08009ac0   0x000000ea   Code   RO          603    x$fpl$fsub          fz_ws.l(faddsub_clz.o)
    0x08009baa   0x00000064   Code   RO          772    x$fpl$retnan        fz_ws.l(retnan.o)
    0x08009c0e   0x0000005c   Code   RO          675    x$fpl$scalbn        fz_ws.l(scalbn.o)
    0x08009c6a   0x00000030   Code   RO          825    x$fpl$trapveneer    fz_ws.l(trapv.o)
    0x08009c9a   0x00000000   Code   RO          677    x$fpl$usenofp       fz_ws.l(usenofp.o)
    0x08009c9a   0x00000002   PAD
    0x08009c9c   0x00000050   Data   RO          429    .constdata          inv_mpu.o
    0x08009cec   0x00000bf6   Data   RO          460    .constdata          inv_mpu_dmp_motion_driver.o
    0x0800a8e2   0x00000028   Data   RO          523    .constdata          c_w.l(_printf_hex_int.o)
    0x0800a90a   0x00000011   Data   RO          553    .constdata          c_w.l(__printf_flags_wp.o)
    0x0800a91b   0x00000005   PAD
    0x0800a920   0x00000050   Data   RO          635    .constdata          m_ws.l(asin.o)
    0x0800a970   0x00000098   Data   RO          680    .constdata          m_ws.l(atan.o)
    0x0800aa08   0x00000008   Data   RO          706    .constdata          m_ws.l(qnan.o)
    0x0800aa10   0x0000004d   Data   RO          430    .conststring        inv_mpu.o
    0x0800aa5d   0x00000003   PAD
    0x0800aa60   0x00000020   Data   RO          900    Region$$Table       anon$$obj.o


    Execution Region RW_IRAM1 (Base: 0x20000000, Size: 0x00000d20, Max: 0x00005000, ABSOLUTE, COMPRESSED[0x00000058])

    Base Addr    Size         Type   Attr      Idx    E Section Name        Object

    0x20000000   0x00000044   Data   RW            2    .data               main.o
    0x20000044   0x00000014   Data   RW          142    .data               system_stm32f10x.o
    0x20000058   0x0000002d   Data   RW          176    .data               timer.o
    0x20000085   0x00000003   PAD
    0x20000088   0x0000005c   Data   RW          207    .data               schedule.o
    0x200000e4   0x0000000f   Data   RW          232    .data               data_transfer.o
    0x200000f3   0x00000014   Data   RW          294    .data               stm32f10x_rcc.o
    0x20000107   0x00000001   PAD
    0x20000108   0x00000004   Data   RW          344    .data               delay.o
    0x2000010c   0x00000034   Data   RW          371    .data               usart.o
    0x20000140   0x00000035   Data   RW          431    .data               inv_mpu.o
    0x20000175   0x00000003   PAD
    0x20000178   0x0000000a   Zero   RW          175    .bss                timer.o
    0x20000182   0x00000002   PAD
    0x20000184   0x000000f0   Zero   RW          206    .bss                schedule.o
    0x20000274   0x000000be   Zero   RW          231    .bss                data_transfer.o
    0x20000332   0x00000002   PAD
    0x20000334   0x0000037c   Zero   RW          370    .bss                usart.o
    0x200006b0   0x00000010   Zero   RW          459    .bss                inv_mpu_dmp_motion_driver.o
    0x200006c0   0x00000060   Zero   RW          754    .bss                c_w.l(libspace.o)
    0x20000720   0x00000200   Zero   RW          263    HEAP                startup_stm32f10x_md.o
    0x20000920   0x00000400   Zero   RW          262    STACK               startup_stm32f10x_md.o


==============================================================================

Image component sizes


      Code (inc. data)   RO Data    RW Data    ZI Data      Debug   Object Name

         0          0          0          0          0         32   core_cm3.o
      5260        252          0         15        190      11066   data_transfer.o
       212         18          0          4          0       1011   delay.o
      8840        198        157         53          0      23961   inv_mpu.o
      3440        126       3062          0         16      15403   inv_mpu_dmp_motion_driver.o
       288         62          0         68          0     252475   main.o
       220         22          0          0          0       1757   misc.o
       872         18          0          0          0       4363   mpu6050.o
       620         14          0          0          0       2054   mpuiic.o
       508         18          0          0          0       1552   pwm.o
      1712        204          0         92        240       5724   schedule.o
        64         26        236          0       1536        788   startup_stm32f10x_md.o
       860         38          0          0          0       5689   stm32f10x_gpio.o
        24          0          0          0          0       1082   stm32f10x_it.o
       932         36          0         20          0       8852   stm32f10x_rcc.o
      3610         88          0          0          0      22796   stm32f10x_tim.o
      1032         22          0          0          0       8416   stm32f10x_usart.o
        12          0          0          0          0        441   sys.o
       480         38          0         20          0       1707   system_stm32f10x.o
      1112         80          0         45         10       2706   timer.o
      1080         82          0         52        892       7231   usart.o

    ----------------------------------------------------------------------
     31180       1342       3490        376       2888     379106   Object Totals
         0          0         32          0          0          0   (incl. Generated)
         2          0          3          7          4          0   (incl. Padding)

    ----------------------------------------------------------------------

      Code (inc. data)   RO Data    RW Data    ZI Data      Debug   Library Member Name

        90          0          0          0          0          0   __dczerorl2.o
         8          0          0          0          0         68   __main.o
       312          4         17          0          0         92   __printf_flags_wp.o
        14          0          0          0          0         68   __printf_wp.o
         0          0          0          0          0          0   __rtentry.o
        12          0          0          0          0          0   __rtentry2.o
         6          0          0          0          0          0   __rtentry4.o
        52          8          0          0          0          0   __scatter.o
        28          0          0          0          0          0   __scatter_zi.o
        48          6          0          0          0         96   _printf_char_common.o
        36          4          0          0          0         80   _printf_char_file.o
         6          0          0          0          0          0   _printf_d.o
       120         16          0          0          0         92   _printf_dec.o
        88          4         40          0          0         88   _printf_hex_int.o
       178          0          0          0          0         88   _printf_intcommon.o
        78          0          0          0          0        108   _printf_pad.o
         0          0          0          0          0          0   _printf_percent.o
         4          0          0          0          0          0   _printf_percent_end.o
         6          0          0          0          0          0   _printf_x.o
        22          0          0          0          0        100   _rserrno.o
        16          0          0          0          0         68   aeabi_memset.o
        18          0          0          0          0         80   exit.o
         8          0          0          0          0         68   ferror.o
         6          0          0          0          0        152   heapauxi.o
         2          0          0          0          0          0   libinit.o
         2          0          0          0          0          0   libinit2.o
         2          0          0          0          0          0   libshutdown.o
         2          0          0          0          0          0   libshutdown2.o
         8          4          0          0         96         68   libspace.o
        72          0          0          0          0         76   llsdiv.o
       238          0          0          0          0        100   lludivv7m.o
        88          0          0          0          0         76   memcmp.o
        24          4          0          0          0         84   noretval__2printf.o
         8          4          0          0          0         68   rt_errno_addr_intlibspace.o
        68          0          0          0          0         68   rt_memclr.o
        78          0          0          0          0         80   rt_memclr_w.o
         2          0          0          0          0          0   rtexit.o
        10          0          0          0          0          0   rtexit2.o
        74          0          0          0          0         80   sys_stackheap_outer.o
         2          0          0          0          0         68   use_no_semi.o
         2          0          0          0          0         68   use_no_semi_2.o
        98          4          0          0          0         92   d2f.o
       826         16          0          0          0        348   daddsub_clz.o
        16          4          0          0          0         68   dcheck1.o
       688        140          0          0          0        208   ddiv.o
        94          4          0          0          0         92   dfix.o
        90          4          0          0          0         92   dfixu.o
        46          0          0          0          0         68   dflt_clz.o
       340         12          0          0          0        104   dmul.o
       156          4          0          0          0         92   dnaninf.o
        12          0          0          0          0         68   dretinf.o
       460         56          0          0          0        120   dsqrt_noumaal.o
        86          4          0          0          0         84   f2d.o
       450          8          0          0          0        236   faddsub_clz.o
        24          0          0          0          0         68   fcmpi.o
       388         76          0          0          0         96   fdiv.o
       104          4          0          0          0         84   feqf.o
        54          4          0          0          0         84   ffix.o
        62          4          0          0          0         84   ffixu.o
        86          0          0          0          0        136   fflt_clz.o
       104          4          0          0          0         84   fleqf.o
       258          4          0          0          0         84   fmul.o
       140          4          0          0          0         84   fnaninf.o
        10          0          0          0          0         68   fretinf.o
        98          0          0          0          0         68   frleqf.o
       100          0          0          0          0         68   retnan.o
        92          0          0          0          0         68   scalbn.o
        48          0          0          0          0         68   trapv.o
         0          0          0          0          0          0   usenofp.o
       624         52         80          0          0        168   asin.o
       544         70        152          0          0        124   atan.o
       384         38          0          0          0        144   atan2.o
        38          6          0          0          0        272   dunder.o
        40          0          0          0          0         68   fpclassify.o
       170          0          0          0          0         96   poly.o
         0          0          8          0          0          0   qnan.o
        76          0          0          0          0         84   sqrt.o

    ----------------------------------------------------------------------
      8676        576        302          0         96       5856   Library Totals
        32          0          5          0          0          0   (incl. Padding)

    ----------------------------------------------------------------------

      Code (inc. data)   RO Data    RW Data    ZI Data      Debug   Library Name

      1838         54         57          0         96       2084   c_w.l
      4930        356          0          0          0       2816   fz_ws.l
      1876        166        240          0          0        956   m_ws.l

    ----------------------------------------------------------------------
      8676        576        302          0         96       5856   Library Totals

    ----------------------------------------------------------------------

==============================================================================


      Code (inc. data)   RO Data    RW Data    ZI Data      Debug   

     39856       1918       3792        376       2984     380070   Grand Totals
     39856       1918       3792         88       2984     380070   ELF Image Totals (compressed)
     39856       1918       3792         88          0          0   ROM Totals

==============================================================================

    Total RO  Size (Code + RO Data)                43648 (  42.63kB)
    Total RW  Size (RW Data + ZI Data)              3360 (   3.28kB)
    Total ROM Size (Code + RO Data + RW Data)      43736 (  42.71kB)

==============================================================================

